Archive member included to satisfy reference by file (symbol)

../../libDaisy/build\libdaisy.a(daisy_seed.o)
                              build/main.o (daisy::DaisySeed::Configure())
../../libDaisy/build\libdaisy.a(codec_ak4556.o)
                              ../../libDaisy/build\libdaisy.a(daisy_seed.o) (daisy::Ak4556::Init(dsy_gpio_pin))
../../libDaisy/build\libdaisy.a(codec_wm8731.o)
                              ../../libDaisy/build\libdaisy.a(daisy_seed.o) (daisy::Wm8731::Init(daisy::Wm8731::Config const&, daisy::I2CHandle))
../../libDaisy/build\libdaisy.a(sdram.o)
                              ../../libDaisy/build\libdaisy.a(daisy_seed.o) (SdramHandle::Init())
../../libDaisy/build\libdaisy.a(audio.o)
                              ../../libDaisy/build\libdaisy.a(daisy_seed.o) (daisy::AudioHandle::Init(daisy::AudioHandle::Config const&, daisy::SaiHandle))
../../libDaisy/build\libdaisy.a(switch.o)
                              build/main.o (daisy::Switch::Init(dsy_gpio_pin, float))
../../libDaisy/build\libdaisy.a(adc.o)
                              build/main.o (daisy::AdcChannelConfig::InitSingle(dsy_gpio_pin, daisy::AdcChannelConfig::ConversionSpeed))
../../libDaisy/build\libdaisy.a(gpio.o)
                              build/main.o (daisy::GPIO::Init(daisy::Pin, daisy::GPIO::Mode, daisy::GPIO::Pull, daisy::GPIO::Speed))
../../libDaisy/build\libdaisy.a(i2c.o)
                              ../../libDaisy/build\libdaisy.a(daisy_seed.o) (daisy::I2CHandle::Init(daisy::I2CHandle::Config const&))
../../libDaisy/build\libdaisy.a(qspi.o)
                              ../../libDaisy/build\libdaisy.a(daisy_seed.o) (daisy::QSPIHandle::Init(daisy::QSPIHandle::Config const&))
../../libDaisy/build\libdaisy.a(sai.o)
                              ../../libDaisy/build\libdaisy.a(daisy_seed.o) (daisy::SaiHandle::Init(daisy::SaiHandle::Config const&))
../../libDaisy/build\libdaisy.a(system.o)
                              ../../libDaisy/build\libdaisy.a(daisy_seed.o) (daisy::System::DeInit())
../../libDaisy/build\libdaisy.a(system_stm32h7xx.o)
                              build/startup_stm32h750xx.o (SystemInit)
../../libDaisy/build\libdaisy.a(usbd_conf.o)
                              ../../libDaisy/build\libdaisy.a(system.o) (hpcd_USB_OTG_HS)
../../libDaisy/build\libdaisy.a(usbh_conf.o)
                              ../../libDaisy/build\libdaisy.a(system.o) (hhcd_USB_OTG_HS)
../../libDaisy/build\libdaisy.a(hal_map.o)
                              ../../libDaisy/build\libdaisy.a(gpio.o) (dsy_hal_map_get_port)
../../libDaisy/build\libdaisy.a(stm32h7xx_hal.o)
                              ../../libDaisy/build\libdaisy.a(system.o) (HAL_Init)
../../libDaisy/build\libdaisy.a(stm32h7xx_hal_adc.o)
                              ../../libDaisy/build\libdaisy.a(adc.o) (HAL_ADC_ConfigChannel)
../../libDaisy/build\libdaisy.a(stm32h7xx_hal_adc_ex.o)
                              ../../libDaisy/build\libdaisy.a(adc.o) (HAL_ADCEx_Calibration_Start)
../../libDaisy/build\libdaisy.a(stm32h7xx_hal_cortex.o)
                              ../../libDaisy/build\libdaisy.a(stm32h7xx_hal.o) (HAL_NVIC_SetPriorityGrouping)
../../libDaisy/build\libdaisy.a(stm32h7xx_hal_dma.o)
                              ../../libDaisy/build\libdaisy.a(adc.o) (HAL_DMA_Init)
../../libDaisy/build\libdaisy.a(stm32h7xx_hal_gpio.o)
                              ../../libDaisy/build\libdaisy.a(sdram.o) (HAL_GPIO_Init)
../../libDaisy/build\libdaisy.a(stm32h7xx_hal_hcd.o)
                              ../../libDaisy/build\libdaisy.a(usbh_conf.o) (HAL_HCD_HC_Init)
../../libDaisy/build\libdaisy.a(stm32h7xx_hal_i2c.o)
                              ../../libDaisy/build\libdaisy.a(i2c.o) (HAL_I2C_Init)
../../libDaisy/build\libdaisy.a(stm32h7xx_hal_i2c_ex.o)
                              ../../libDaisy/build\libdaisy.a(i2c.o) (HAL_I2CEx_ConfigAnalogFilter)
../../libDaisy/build\libdaisy.a(stm32h7xx_hal_pcd.o)
                              ../../libDaisy/build\libdaisy.a(usbd_conf.o) (HAL_PCD_Init)
../../libDaisy/build\libdaisy.a(stm32h7xx_hal_pcd_ex.o)
                              ../../libDaisy/build\libdaisy.a(usbd_conf.o) (HAL_PCDEx_SetTxFiFo)
../../libDaisy/build\libdaisy.a(stm32h7xx_hal_pwr_ex.o)
                              ../../libDaisy/build\libdaisy.a(system.o) (HAL_PWREx_ConfigSupply)
../../libDaisy/build\libdaisy.a(stm32h7xx_hal_qspi.o)
                              ../../libDaisy/build\libdaisy.a(qspi.o) (HAL_QSPI_Init)
../../libDaisy/build\libdaisy.a(stm32h7xx_hal_rcc.o)
                              ../../libDaisy/build\libdaisy.a(system.o) (HAL_RCC_OscConfig)
../../libDaisy/build\libdaisy.a(stm32h7xx_hal_rcc_ex.o)
                              ../../libDaisy/build\libdaisy.a(system.o) (HAL_RCCEx_PeriphCLKConfig)
../../libDaisy/build\libdaisy.a(stm32h7xx_hal_sai.o)
                              ../../libDaisy/build\libdaisy.a(sai.o) (HAL_SAI_InitProtocol)
../../libDaisy/build\libdaisy.a(stm32h7xx_hal_sdram.o)
[...]
Memory Configuration

Name             Origin             Length             Attributes
FLASH            0x08000000         0x00020000         xr
DTCMRAM          0x20000000         0x00020000         xrw
SRAM             0x24000000         0x00080000         xrw
RAM_D2           0x30000000         0x00048000         xrw
RAM_D3           0x38000000         0x00010000         xrw
BACKUP_SRAM      0x38800000         0x00001000         xrw
ITCMRAM          0x00000000         0x00010000         xrw
SDRAM            0xc0000000         0x04000000         xrw
QSPIFLASH        0x90000000         0x00800000         xr
*default*        0x00000000         0xffffffff

Linker script and memory map

LOAD c:/program files/daisytoolchain/bin/../lib/gcc/arm-none-eabi/10.2.1/thumb/v7e-m+dp/hard/crti.o
LOAD c:/program files/daisytoolchain/bin/../lib/gcc/arm-none-eabi/10.2.1/thumb/v7e-m+dp/hard/crtbegin.o
LOAD c:/program files/daisytoolchain/bin/../lib/gcc/arm-none-eabi/10.2.1/../../../../arm-none-eabi/lib/thumb/v7e-m+dp/hard/crt0.o
LOAD build/startup_stm32h750xx.o
LOAD build/main.o
LOAD build/DistBP.o
LOAD build/BMhigh.o
LOAD build/BMlow.o
LOAD build/TSTone.o
LOAD build/DistHP.o
LOAD build/PeakEQ.o
LOAD ../../libDaisy/build\libdaisy.a
LOAD c:/program files/daisytoolchain/bin/../lib/gcc/arm-none-eabi/10.2.1/../../../../arm-none-eabi/lib/thumb/v7e-m+dp/hard\libnosys.a
LOAD ../../DaisySP/build\libdaisysp.a
LOAD c:/program files/daisytoolchain/bin/../lib/gcc/arm-none-eabi/10.2.1/../../../../arm-none-eabi/lib/thumb/v7e-m+dp/hard\libstdc++_nano.a
LOAD c:/program files/daisytoolchain/bin/../lib/gcc/arm-none-eabi/10.2.1/../../../../arm-none-eabi/lib/thumb/v7e-m+dp/hard\libm.a
LOAD c:/program files/daisytoolchain/bin/../lib/gcc/arm-none-eabi/10.2.1/../../../../arm-none-eabi/lib/thumb/v7e-m+dp/hard\libc_nano.a
START GROUP
LOAD c:/program files/daisytoolchain/bin/../lib/gcc/arm-none-eabi/10.2.1/thumb/v7e-m+dp/hard\libgcc.a
LOAD c:/program files/daisytoolchain/bin/../lib/gcc/arm-none-eabi/10.2.1/../../../../arm-none-eabi/lib/thumb/v7e-m+dp/hard\libc_nano.a
END GROUP
START GROUP
LOAD c:/program files/daisytoolchain/bin/../lib/gcc/arm-none-eabi/10.2.1/thumb/v7e-m+dp/hard\libgcc.a
LOAD c:/program files/daisytoolchain/bin/../lib/gcc/arm-none-eabi/10.2.1/../../../../arm-none-eabi/lib/thumb/v7e-m+dp/hard\libc_nano.a
LOAD c:/program files/daisytoolchain/bin/../lib/gcc/arm-none-eabi/10.2.1/../../../../arm-none-eabi/lib/thumb/v7e-m+dp/hard\libnosys.a
END GROUP
START GROUP
LOAD c:/program files/daisytoolchain/bin/../lib/gcc/arm-none-eabi/10.2.1/thumb/v7e-m+dp/hard\libgcc.a
LOAD c:/program files/daisytoolchain/bin/../lib/gcc/arm-none-eabi/10.2.1/../../../../arm-none-eabi/lib/thumb/v7e-m+dp/hard\libc_nano.a
LOAD c:/program files/daisytoolchain/bin/../lib/gcc/arm-none-eabi/10.2.1/../../../../arm-none-eabi/lib/thumb/v7e-m+dp/hard\libnosys.a
END GROUP
LOAD c:/program files/daisytoolchain/bin/../lib/gcc/arm-none-eabi/10.2.1/thumb/v7e-m+dp/hard/crtend.o
LOAD c:/program files/daisytoolchain/bin/../lib/gcc/arm-none-eabi/10.2.1/thumb/v7e-m+dp/hard/crtn.o
                0x20020000                _estack = 0x20020000

.isr_vector     0x08000000      0x298
                0x08000000                . = ALIGN (0x4)
 *(.isr_vector)
 .isr_vector    0x08000000      0x298 build/startup_stm32h750xx.o
                0x08000000                g_pfnVectors
                0x08000298                . = ALIGN (0x4)

.text           0x08000298    0x156a0
                0x08000298                . = ALIGN (0x4)
                0x08000298                _stext = .
 *(.text)
 .text          0x08000298       0x40 c:/program files/daisytoolchain/bin/../lib/gcc/arm-none-eabi/10.2.1/thumb/v7e-m+dp/hard/crtbegin.o
 .text          0x080002d8      0x378 c:/program files/daisytoolchain/bin/../lib/gcc/arm-none-eabi/10.2.1/thumb/v7e-m+dp/hard\libgcc.a(_arm_addsubdf3.o)
                0x080002d8                __aeabi_drsub
                0x080002e0                __aeabi_dsub
                0x080002e0                __subdf3
                0x080002e4                __aeabi_dadd
                0x080002e4                __adddf3
                0x0800055c                __floatunsidf
                0x0800055c                __aeabi_ui2d
                0x0800057c                __floatsidf
                0x0800057c                __aeabi_i2d
                0x080005a0                __aeabi_f2d
                0x080005a0                __extendsfdf2
                0x080005e4                __floatundidf
                0x080005e4                __aeabi_ul2d
                0x080005f4                __floatdidf
                0x080005f4                __aeabi_l2d
 .text          0x08000650       0x30 c:/program files/daisytoolchain/bin/../lib/gcc/arm-none-eabi/10.2.1/thumb/v7e-m+dp/hard\libgcc.a(_aeabi_uldivmod.o)
                0x08000650                __aeabi_uldivmod
 .text          0x08000680      0x2d0 c:/program files/daisytoolchain/bin/../lib/gcc/arm-none-eabi/10.2.1/thumb/v7e-m+dp/hard\libgcc.a(_udivmoddi4.o)
                0x08000680                __udivmoddi4
 .text          0x08000950        0x4 c:/program files/daisytoolchain/bin/../lib/gcc/arm-none-eabi/10.2.1/thumb/v7e-m+dp/hard\libgcc.a(_dvmd_tls.o)
                0x08000950                __aeabi_idiv0
                0x08000950                __aeabi_ldiv0
 *(.text*)
 .text.Default_Handler
                0x08000954        0x4 build/startup_stm32h750xx.o
                0x08000954                RTC_Alarm_IRQHandler
                0x08000954                HASH_RNG_IRQHandler
                0x08000954                EXTI2_IRQHandler
                0x08000954                TIM8_CC_IRQHandler
                0x08000954                HRTIM1_Master_IRQHandler
                0x08000954                DebugMon_Handler
                0x08000954                TIM1_CC_IRQHandler
                0x08000954                BDMA_Channel6_IRQHandler
                0x08000954                DMA2_Stream5_IRQHandler
                0x08000954                HRTIM1_FLT_IRQHandler
                0x08000954                JPEG_IRQHandler
                0x08000954                BDMA_Channel1_IRQHandler
                0x08000954                HRTIM1_TIMD_IRQHandler
                0x08000954                TAMP_STAMP_IRQHandler
                0x08000954                PendSV_Handler
                0x08000954                NMI_Handler
                0x08000954                EXTI3_IRQHandler
                0x08000954                LPTIM4_IRQHandler
                0x08000954                TIM8_TRG_COM_TIM14_IRQHandler
                0x08000954                LPTIM2_IRQHandler
                0x08000954                DFSDM1_FLT1_IRQHandler
                0x08000954                DMAMUX2_OVR_IRQHandler
                0x08000954                TIM8_UP_TIM13_IRQHandler
                0x08000954                I2C3_ER_IRQHandler
                0x08000954                DFSDM1_FLT2_IRQHandler
                0x08000954                MDMA_IRQHandler
                0x08000954                LPTIM3_IRQHandler
                0x08000954                HSEM1_IRQHandler
                0x08000954                EXTI0_IRQHandler
                0x08000954                FPU_IRQHandler
                0x08000954                OTG_HS_WKUP_IRQHandler
                0x08000954                FDCAN1_IT1_IRQHandler
                0x08000954                UsageFault_Handler
                0x08000954                LTDC_ER_IRQHandler
                0x08000954                HRTIM1_TIME_IRQHandler
                0x08000954                TIM6_DAC_IRQHandler
                0x08000954                DCMI_IRQHandler
                0x08000954                HRTIM1_TIMC_IRQHandler
                0x08000954                SAI2_IRQHandler
                0x08000954                DFSDM1_FLT3_IRQHandler
                0x08000954                TIM17_IRQHandler
                0x08000954                CRYP_IRQHandler
                0x08000954                BDMA_Channel7_IRQHandler
                0x08000954                LPTIM5_IRQHandler
                0x08000954                ADC3_IRQHandler
                0x08000954                DMA2_Stream0_IRQHandler
                0x08000954                BDMA_Channel2_IRQHandler
                0x08000954                DMAMUX1_OVR_IRQHandler
                0x08000954                TIM16_IRQHandler
                0x08000954                BDMA_Channel5_IRQHandler
                0x08000954                RCC_IRQHandler
                0x08000954                TIM8_BRK_TIM12_IRQHandler
                0x08000954                TIM1_TRG_COM_IRQHandler
                0x08000954                Default_Handler
                0x08000954                ECC_IRQHandler
                0x08000954                CEC_IRQHandler
                0x08000954                EXTI15_10_IRQHandler
                0x08000954                BDMA_Channel0_IRQHandler
                0x08000954                ADC_IRQHandler
                0x08000954                DMA1_Stream7_IRQHandler
                0x08000954                HRTIM1_TIMA_IRQHandler
                0x08000954                TIM7_IRQHandler
                0x08000954                SDMMC1_IRQHandler
                0x08000954                DMA2_Stream7_IRQHandler
                0x08000954                TIM15_IRQHandler
                0x08000954                PVD_AVD_IRQHandler
                0x08000954                EXTI9_5_IRQHandler
                0x08000954                RTC_WKUP_IRQHandler
                0x08000954                LTDC_IRQHandler
                0x08000954                SAI3_IRQHandler
                0x08000954                ETH_WKUP_IRQHandler
                0x08000954                SPDIF_RX_IRQHandler
                0x08000954                MemManage_Handler
                0x08000954                SVC_Handler
                0x08000954                CRS_IRQHandler
                0x08000954                EXTI4_IRQHandler
                0x08000954                HRTIM1_TIMB_IRQHandler
                0x08000954                FDCAN2_IT1_IRQHandler
                0x08000954                ETH_IRQHandler
                0x08000954                TIM1_UP_IRQHandler
                0x08000954                BDMA_Channel4_IRQHandler
                0x08000954                WWDG_IRQHandler
                0x08000954                SPI6_IRQHandler
                0x08000954                I2C4_EV_IRQHandler
                0x08000954                MDIOS_IRQHandler
                0x08000954                FDCAN2_IT0_IRQHandler
                0x08000954                FDCAN1_IT0_IRQHandler
                0x08000954                OTG_FS_WKUP_IRQHandler
                0x08000954                DMA2D_IRQHandler
                0x08000954                TIM1_BRK_IRQHandler
                0x08000954                EXTI1_IRQHandler
                0x08000954                SDMMC2_IRQHandler
                0x08000954                OTG_FS_EP1_OUT_IRQHandler
                0x08000954                BDMA_Channel3_IRQHandler
                0x08000954                MDIOS_WKUP_IRQHandler
                0x08000954                DFSDM1_FLT0_IRQHandler
                0x08000954                SAI4_IRQHandler
                0x08000954                I2C2_ER_IRQHandler
                0x08000954                DMA2_Stream1_IRQHandler
                0x08000954                FLASH_IRQHandler
                0x08000954                BusFault_Handler
                0x08000954                OTG_FS_IRQHandler
                0x08000954                WAKEUP_PIN_IRQHandler
                0x08000954                OTG_FS_EP1_IN_IRQHandler
                0x08000954                I2C1_ER_IRQHandler
                0x08000954                FMC_IRQHandler
                0x08000954                FDCAN_CAL_IRQHandler
                0x08000954                SWPMI1_IRQHandler
                0x08000954                COMP1_IRQHandler
                0x08000954                LPTIM1_IRQHandler
                0x08000954                I2C4_ER_IRQHandler
                0x08000954                DMA2_Stream6_IRQHandler
                0x08000954                SAI1_IRQHandler
 .text.Reset_Handler
                0x08000958       0x44 build/startup_stm32h750xx.o
                0x08000958                Reset_Handler
 .text._ZN5daisy9DaisySeedD2Ev
                0x0800099c        0x4 build/main.o
                0x0800099c                daisy::DaisySeed::~DaisySeed()
                0x0800099c                daisy::DaisySeed::~DaisySeed()
 .text._ZN6DistBPC2Ev
                0x080009a0       0x78 build/main.o
                0x080009a0                DistBP::DistBP()
                0x080009a0                DistBP::DistBP()
 .text._ZN5BMlowC2Ev
                0x08000a18       0x54 build/main.o
                0x08000a18                BMlow::BMlow()
                0x08000a18                BMlow::BMlow()
 .text._ZN6BMhighC2Ev
                0x08000a6c       0x54 build/main.o
                0x08000a6c                BMhigh::BMhigh()
                0x08000a6c                BMhigh::BMhigh()
 .text._ZN6DistHPC2Ev
                0x08000ac0       0x54 build/main.o
                0x08000ac0                DistHP::DistHP()
                0x08000ac0                DistHP::DistHP()
 .text._Z5ts3ADf
                0x08000b14       0x60 build/main.o
                0x08000b14                ts3AD(float)
 *fill*         0x08000b74        0x4 
 .text._Z5bm3ADf
                0x08000b78      0x104 build/main.o
                0x08000b78                bm3AD(float)
 *fill*         0x08000c7c        0x4 
 .text._Z5HM3ADf
                0x08000c80      0x104 build/main.o
                0x08000c80                HM3AD(float)
 *fill*         0x08000d84        0x4 
 .text._Z9dist3ADAAf
                0x08000d88      0x3ec build/main.o
                0x08000d88                dist3ADAA(float)
 *fill*         0x08001174        0x4 
 .text._Z13AudioCallbackPKPKfPPfj
                0x08001178      0x24c build/main.o
                0x08001178                AudioCallback(float const* const*, float**, unsigned int)
 .text._Z13InitializeADCv
                0x080013c4       0x60 build/main.o
                0x080013c4                InitializeADC()
 .text.startup.main
                0x08001424      0x284 build/main.o
                0x08001424                main
 .text.startup._GLOBAL__sub_I_hw
                0x080016a8       0x4c build/main.o
 .text._ZN6DistBP4InitEv
                0x080016f4       0x28 build/DistBP.o
                0x080016f4                DistBP::Init()
 .text._ZN6DistBP7ProcessEf
                0x0800171c       0x80 build/DistBP.o
                0x0800171c                DistBP::Process(float)
 .text._ZN6BMhigh4InitEv
                0x0800179c       0x1c build/BMhigh.o
                0x0800179c                BMhigh::Init()
 .text._ZN6BMhigh7ProcessEf
                0x080017b8       0x50 build/BMhigh.o
                0x080017b8                BMhigh::Process(float)
 .text._ZN5BMlow4InitEv
                0x08001808       0x1c build/BMlow.o
                0x08001808                BMlow::Init()
 .text._ZN5BMlow7ProcessEf
                0x08001824       0x50 build/BMlow.o
                0x08001824                BMlow::Process(float)
 .text._ZN6TSTone4InitEv
                0x08001874       0x2c build/TSTone.o
                0x08001874                TSTone::Init()
 .text._ZN6TSTone7setFreqEf
                0x080018a0       0xc8 build/TSTone.o
                0x080018a0                TSTone::setFreq(float)
 .text._ZN6TSTone7ProcessEf
                0x08001968       0x50 build/TSTone.o
                0x08001968                TSTone::Process(float)
 .text._ZN6DistHP4InitEv
                0x080019b8       0x1c build/DistHP.o
                0x080019b8                DistHP::Init()
 .text._ZN6DistHP7ProcessEf
                0x080019d4       0x50 build/DistHP.o
                0x080019d4                DistHP::Process(float)
 .text._ZN6PeakEQ4InitEv
                0x08001a24       0x2c build/PeakEQ.o
                0x08001a24                PeakEQ::Init()
 .text._ZN6PeakEQ7ProcessEf
                0x08001a50       0x70 build/PeakEQ.o
                0x08001a50                PeakEQ::Process(float)
 .text._ZN6PeakEQ7setGainEf
                0x08001ac0       0x80 build/PeakEQ.o
                0x08001ac0                PeakEQ::setGain(float)
 .text._ZN6PeakEQ9setParamsEfff
                0x08001b40       0x40 build/PeakEQ.o
                0x08001b40                PeakEQ::setParams(float, float, float)
 .text._ZN5daisy9DaisySeed9ConfigureEv
                0x08001b80        0x4 ../../libDaisy/build\libdaisy.a(daisy_seed.o)
                0x08001b80                daisy::DaisySeed::Configure()
 .text._ZN5daisy9DaisySeed6GetPinEh
                0x08001b84       0x2c ../../libDaisy/build\libdaisy.a(daisy_seed.o)
                0x08001b84                daisy::DaisySeed::GetPin(unsigned char)
 .text._ZN5daisy9DaisySeed10StartAudioEPFvPKPKfPPfjE
                0x08001bb0        0x8 ../../libDaisy/build\libdaisy.a(daisy_seed.o)
                0x08001bb0                daisy::DaisySeed::StartAudio(void (*)(float const* const*, float**, unsigned int))
 .text._ZN5daisy9DaisySeed18SetAudioSampleRateENS_9SaiHandle6Config10SampleRateE
                0x08001bb8       0x38 ../../libDaisy/build\libdaisy.a(daisy_seed.o)
                0x08001bb8                daisy::DaisySeed::SetAudioSampleRate(daisy::SaiHandle::Config::SampleRate)
 .text._ZN5daisy9DaisySeed17SetAudioBlockSizeEj
                0x08001bf0       0x38 ../../libDaisy/build\libdaisy.a(daisy_seed.o)
                0x08001bf0                daisy::DaisySeed::SetAudioBlockSize(unsigned int)
 .text._ZN5daisy9DaisySeed17CheckBoardVersionEv
                0x08001c28       0x6c ../../libDaisy/build\libdaisy.a(daisy_seed.o)
                0x08001c28                daisy::DaisySeed::CheckBoardVersion()
 .text._ZN5daisy9DaisySeed14ConfigureAudioEv
                0x08001c94      0x10c ../../libDaisy/build\libdaisy.a(daisy_seed.o)
                0x08001c94                daisy::DaisySeed::ConfigureAudio()
 .text._ZN5daisy9DaisySeed4InitEb
                0x08001da0      0x108 ../../libDaisy/build\libdaisy.a(daisy_seed.o)
                0x08001da0                daisy::DaisySeed::Init(bool)
 .text._ZN5daisy6Ak45564InitE12dsy_gpio_pin
                0x08001ea8       0x44 ../../libDaisy/build\libdaisy.a(codec_ak4556.o)
                0x08001ea8                daisy::Ak4556::Init(dsy_gpio_pin)
 .text._ZN5daisy6Wm873120WriteControlRegisterEht
                0x08001eec       0x3c ../../libDaisy/build\libdaisy.a(codec_wm8731.o)
                0x08001eec                daisy::Wm8731::WriteControlRegister(unsigned char, unsigned short)
 .text._ZN5daisy6Wm87314InitERKNS0_6ConfigENS_9I2CHandleE
                0x08001f28      0x1bc ../../libDaisy/build\libdaisy.a(codec_wm8731.o)
                0x08001f28                daisy::Wm8731::Init(daisy::Wm8731::Config const&, daisy::I2CHandle)
 .text._ZN11SdramHandle10DeviceInitEv
                0x080020e4       0x98 ../../libDaisy/build\libdaisy.a(sdram.o)
                0x080020e4                SdramHandle::DeviceInit()
 .text._ZN11SdramHandle4InitEv
                0x0800217c       0x7c ../../libDaisy/build\libdaisy.a(sdram.o)
                0x0800217c                SdramHandle::Init()
 .text.HAL_SDRAM_MspInit
                0x080021f8      0x1a8 ../../libDaisy/build\libdaisy.a(sdram.o)
                0x080021f8                HAL_SDRAM_MspInit
 .text._ZN5daisy11AudioHandle4Impl16InternalCallbackEPlS2_j
                0x080023a0      0xbbc ../../libDaisy/build\libdaisy.a(audio.o)
                0x080023a0                daisy::AudioHandle::Impl::InternalCallback(long*, long*, unsigned int)
 .text._ZN5daisy11AudioHandle4InitERKNS0_6ConfigENS_9SaiHandleE
                0x08002f5c       0x70 ../../libDaisy/build\libdaisy.a(audio.o)
                0x08002f5c                daisy::AudioHandle::Init(daisy::AudioHandle::Config const&, daisy::SaiHandle)
 .text._ZNK5daisy11AudioHandle9GetConfigEv
                0x08002fcc        0x8 ../../libDaisy/build\libdaisy.a(audio.o)
                0x08002fcc                daisy::AudioHandle::GetConfig() const
 .text._ZN5daisy11AudioHandle12SetBlockSizeEj
                0x08002fd4       0x1c ../../libDaisy/build\libdaisy.a(audio.o)
                0x08002fd4                daisy::AudioHandle::SetBlockSize(unsigned int)
 .text._ZN5daisy11AudioHandle13GetSampleRateEv
                0x08002ff0        0x8 ../../libDaisy/build\libdaisy.a(audio.o)
                0x08002ff0                daisy::AudioHandle::GetSampleRate()
 .text._ZN5daisy11AudioHandle13SetSampleRateENS_9SaiHandle6Config10SampleRateE
                0x08002ff8       0x88 ../../libDaisy/build\libdaisy.a(audio.o)
                0x08002ff8                daisy::AudioHandle::SetSampleRate(daisy::SaiHandle::Config::SampleRate)
 .text._ZN5daisy11AudioHandle5StartEPFvPKPKfPPfjE
                0x08003080       0x44 ../../libDaisy/build\libdaisy.a(audio.o)
                0x08003080                daisy::AudioHandle::Start(void (*)(float const* const*, float**, unsigned int))
 .text.startup._GLOBAL__sub_I__ZN5daisy11AudioHandle4Impl4InitENS0_6ConfigENS_9SaiHandleE
                0x080030c4       0x24 ../../libDaisy/build\libdaisy.a(audio.o)
 .text._ZN5daisy6Switch4InitE12dsy_gpio_pinf
                0x080030e8       0x34 ../../libDaisy/build\libdaisy.a(switch.o)
                0x080030e8                daisy::Switch::Init(dsy_gpio_pin, float)
 .text._ZN5daisy6Switch8DebounceEv
                0x0800311c       0x5c ../../libDaisy/build\libdaisy.a(switch.o)
                0x0800311c                daisy::Switch::Debounce()
 .text._ZN5daisy16AdcChannelConfig10InitSingleE12dsy_gpio_pinNS0_15ConversionSpeedE
                0x08003178       0x28 ../../libDaisy/build\libdaisy.a(adc.o)
                0x08003178                daisy::AdcChannelConfig::InitSingle(dsy_gpio_pin, daisy::AdcChannelConfig::ConversionSpeed)
 .text._ZN5daisy9AdcHandle4InitEPNS_16AdcChannelConfigEjNS0_12OverSamplingE
                0x080031a0      0x41c ../../libDaisy/build\libdaisy.a(adc.o)
                0x080031a0                daisy::AdcHandle::Init(daisy::AdcChannelConfig*, unsigned int, daisy::AdcHandle::OverSampling)
 .text._ZN5daisy9AdcHandle5StartEv
                0x080035bc       0x2c ../../libDaisy/build\libdaisy.a(adc.o)
                0x080035bc                daisy::AdcHandle::Start()
 .text._ZNK5daisy9AdcHandle8GetFloatEh
                0x080035e8       0x20 ../../libDaisy/build\libdaisy.a(adc.o)
                0x080035e8                daisy::AdcHandle::GetFloat(unsigned char) const
 .text.HAL_ADC_MspInit
                0x08003608       0x98 ../../libDaisy/build\libdaisy.a(adc.o)
                0x08003608                HAL_ADC_MspInit
 .text.DMA1_Stream2_IRQHandler
                0x080036a0        0xc ../../libDaisy/build\libdaisy.a(adc.o)
                0x080036a0                DMA1_Stream2_IRQHandler
 .text.HAL_ADC_ConvCpltCallback
                0x080036ac      0x148 ../../libDaisy/build\libdaisy.a(adc.o)
                0x080036ac                HAL_ADC_ConvCpltCallback
 .text.HAL_ADC_ErrorCallback
                0x080037f4        0x4 ../../libDaisy/build\libdaisy.a(adc.o)
                0x080037f4                HAL_ADC_ErrorCallback
 .text._ZN5daisy4GPIO4InitENS_3PinENS0_4ModeENS0_4PullENS0_5SpeedE
                0x080037f8      0x1cc ../../libDaisy/build\libdaisy.a(gpio.o)
                0x080037f8                daisy::GPIO::Init(daisy::Pin, daisy::GPIO::Mode, daisy::GPIO::Pull, daisy::GPIO::Speed)
 .text._ZN5daisy4GPIO4ReadEv
                0x080039c4       0x18 ../../libDaisy/build\libdaisy.a(gpio.o)
                0x080039c4                daisy::GPIO::Read()
 .text._ZN5daisy4GPIO5WriteEb
                0x080039dc       0x14 ../../libDaisy/build\libdaisy.a(gpio.o)
                0x080039dc                daisy::GPIO::Write(bool)
 .text.dsy_gpio_init
                0x080039f0      0x1b8 ../../libDaisy/build\libdaisy.a(gpio.o)
                0x080039f0                dsy_gpio_init
 .text.dsy_gpio_read
                0x08003ba8       0x1c ../../libDaisy/build\libdaisy.a(gpio.o)
                0x08003ba8                dsy_gpio_read
 .text.dsy_gpio_write
                0x08003bc4       0x24 ../../libDaisy/build\libdaisy.a(gpio.o)
                0x08003bc4                dsy_gpio_write
 .text._ZN5daisy9I2CHandle4Impl8InitPinsEv
                0x08003be8       0x58 ../../libDaisy/build\libdaisy.a(i2c.o)
                0x08003be8                daisy::I2CHandle::Impl::InitPins()
 .text.HAL_I2C_MspInit
                0x08003c40      0x1b4 ../../libDaisy/build\libdaisy.a(i2c.o)
                0x08003c40                HAL_I2C_MspInit
 .text.dsy_i2c_global_init
                0x08003df4       0x78 ../../libDaisy/build\libdaisy.a(i2c.o)
                0x08003df4                dsy_i2c_global_init
 .text.DMA1_Stream6_IRQHandler
                0x08003e6c       0x34 ../../libDaisy/build\libdaisy.a(i2c.o)
                0x08003e6c                DMA1_Stream6_IRQHandler
 .text.I2C1_EV_IRQHandler
                0x08003ea0        0xc ../../libDaisy/build\libdaisy.a(i2c.o)
                0x08003ea0                I2C1_EV_IRQHandler
 .text.I2C2_EV_IRQHandler
                0x08003eac        0xc ../../libDaisy/build\libdaisy.a(i2c.o)
                0x08003eac                I2C2_EV_IRQHandler
 .text.I2C3_EV_IRQHandler
                0x08003eb8        0xc ../../libDaisy/build\libdaisy.a(i2c.o)
                0x08003eb8                I2C3_EV_IRQHandler
 .text._ZN5daisy9I2CHandle4InitERKNS0_6ConfigE
                0x08003ec4      0x12c ../../libDaisy/build\libdaisy.a(i2c.o)
                0x08003ec4                daisy::I2CHandle::Init(daisy::I2CHandle::Config const&)
 .text._ZN5daisy9I2CHandle16TransmitBlockingEtPhtm
                0x08003ff0       0x50 ../../libDaisy/build\libdaisy.a(i2c.o)
                0x08003ff0                daisy::I2CHandle::TransmitBlocking(unsigned short, unsigned char*, unsigned short, unsigned long)
 .text.startup._GLOBAL__sub_I__ZN5daisy9I2CHandle4Impl10GlobalInitEv
                0x08004040       0x18 ../../libDaisy/build\libdaisy.a(i2c.o)
 .text._ZN5daisy10QSPIHandle4Impl11WriteEnableEv
                0x08004058       0x8c ../../libDaisy/build\libdaisy.a(qspi.o)
                0x08004058                daisy::QSPIHandle::Impl::WriteEnable()
 *fill*         0x080040e4        0x4 
 .text._ZN5daisy10QSPIHandle4Impl17DummyCyclesConfigENS0_6Config6DeviceE
                0x080040e8      0x118 ../../libDaisy/build\libdaisy.a(qspi.o)
                0x080040e8                daisy::QSPIHandle::Impl::DummyCyclesConfig(daisy::QSPIHandle::Config::Device)
 .text._ZN5daisy10QSPIHandle4Impl10QuadEnableEv
                0x08004200      0x158 ../../libDaisy/build\libdaisy.a(qspi.o)
                0x08004200                daisy::QSPIHandle::Impl::QuadEnable()
 .text._ZN5daisy10QSPIHandle4InitERKNS0_6ConfigE
                0x08004358      0x198 ../../libDaisy/build\libdaisy.a(qspi.o)
                0x08004358                daisy::QSPIHandle::Init(daisy::QSPIHandle::Config const&)
 .text.HAL_QSPI_MspInit
                0x080044f0      0x11c ../../libDaisy/build\libdaisy.a(qspi.o)
                0x080044f0                HAL_QSPI_MspInit
 .text.HAL_QSPI_MspDeInit
                0x0800460c       0x54 ../../libDaisy/build\libdaisy.a(qspi.o)
                0x0800460c                HAL_QSPI_MspDeInit
 .text.QUADSPI_IRQHandler
                0x08004660        0xc ../../libDaisy/build\libdaisy.a(qspi.o)
                0x08004660                QUADSPI_IRQHandler
 .text.startup._GLOBAL__sub_I__ZN5daisy10QSPIHandle4Impl4InitERKNS0_6ConfigE
                0x0800466c       0x28 ../../libDaisy/build\libdaisy.a(qspi.o)
 .text._ZN5daisy9SaiHandle4Impl7InitDmaENS1_15PeripheralBlockE
                0x08004694       0xa0 ../../libDaisy/build\libdaisy.a(sai.o)
                0x08004694                daisy::SaiHandle::Impl::InitDma(daisy::SaiHandle::Impl::PeripheralBlock)
 .text._ZN5daisy9SaiHandle4Impl8InitPinsEv
                0x08004734       0xa8 ../../libDaisy/build\libdaisy.a(sai.o)
                0x08004734                daisy::SaiHandle::Impl::InitPins()
 .text.HAL_SAI_MspInit
                0x080047dc      0x164 ../../libDaisy/build\libdaisy.a(sai.o)
                0x080047dc                HAL_SAI_MspInit
 .text.DMA1_Stream0_IRQHandler
                0x08004940        0xc ../../libDaisy/build\libdaisy.a(sai.o)
                0x08004940                DMA1_Stream0_IRQHandler
 .text.DMA1_Stream1_IRQHandler
                0x0800494c        0xc ../../libDaisy/build\libdaisy.a(sai.o)
                0x0800494c                DMA1_Stream1_IRQHandler
 .text.DMA1_Stream3_IRQHandler
                0x08004958        0xc ../../libDaisy/build\libdaisy.a(sai.o)
                0x08004958                DMA1_Stream3_IRQHandler
 .text.DMA1_Stream4_IRQHandler
                0x08004964        0xc ../../libDaisy/build\libdaisy.a(sai.o)
                0x08004964                DMA1_Stream4_IRQHandler
 .text.HAL_SAI_RxHalfCpltCallback
                0x08004970       0x78 ../../libDaisy/build\libdaisy.a(sai.o)
                0x08004970                HAL_SAI_RxHalfCpltCallback
 .text.HAL_SAI_RxCpltCallback
                0x080049e8       0x70 ../../libDaisy/build\libdaisy.a(sai.o)
                0x080049e8                HAL_SAI_RxCpltCallback
 .text._ZN5daisy9SaiHandle4InitERKNS0_6ConfigE
                0x08004a58      0x1f0 ../../libDaisy/build\libdaisy.a(sai.o)
                0x08004a58                daisy::SaiHandle::Init(daisy::SaiHandle::Config const&)
 .text._ZNK5daisy9SaiHandle9GetConfigEv
                0x08004c48        0x4 ../../libDaisy/build\libdaisy.a(sai.o)
                0x08004c48                daisy::SaiHandle::GetConfig() const
 .text._ZN5daisy9SaiHandle8StartDmaEPlS1_jPFvS1_S1_jE
                0x08004c4c       0xbc ../../libDaisy/build\libdaisy.a(sai.o)
                0x08004c4c                daisy::SaiHandle::StartDma(long*, long*, unsigned int, void (*)(long*, long*, unsigned int))
 .text._ZN5daisy9SaiHandle13GetSampleRateEv
                0x08004d08       0x24 ../../libDaisy/build\libdaisy.a(sai.o)
                0x08004d08                daisy::SaiHandle::GetSampleRate()
 .text._ZNK5daisy9SaiHandle9GetOffsetEv
                0x08004d2c        0x8 ../../libDaisy/build\libdaisy.a(sai.o)
                0x08004d2c                daisy::SaiHandle::GetOffset() const
 .text._ZN5daisy11TimerHandleD2Ev
                0x08004d34        0x4 ../../libDaisy/build\libdaisy.a(system.o)
                0x08004d34                daisy::TimerHandle::~TimerHandle()
                0x08004d34                daisy::TimerHandle::~TimerHandle()
 .text.SysTick_Handler
                0x08004d38       0x10 ../../libDaisy/build\libdaisy.a(system.o)
                0x08004d38                SysTick_Handler
 .text.OTG_HS_EP1_OUT_IRQHandler
                0x08004d48       0x24 ../../libDaisy/build\libdaisy.a(system.o)
                0x08004d48                OTG_HS_EP1_OUT_IRQHandler
 .text.OTG_HS_EP1_IN_IRQHandler
                0x08004d6c       0x24 ../../libDaisy/build\libdaisy.a(system.o)
                0x08004d6c                OTG_HS_EP1_IN_IRQHandler
 .text.OTG_HS_IRQHandler
                0x08004d90       0x24 ../../libDaisy/build\libdaisy.a(system.o)
                0x08004d90                OTG_HS_IRQHandler
 .text.HardFault_Handler
                0x08004db4       0xe0 ../../libDaisy/build\libdaisy.a(system.o)
                0x08004db4                HardFault_Handler
 .text._ZN5daisy6System6GetNowEv
                0x08004e94        0x4 ../../libDaisy/build\libdaisy.a(system.o)
                0x08004e94                daisy::System::GetNow()
 .text._ZN5daisy6System5DelayEm
                0x08004e98        0x4 ../../libDaisy/build\libdaisy.a(system.o)
                0x08004e98                daisy::System::Delay(unsigned long)
 .text._ZN5daisy6System20GetBootloaderVersionEv
                0x08004e9c       0x34 ../../libDaisy/build\libdaisy.a(system.o)
                0x08004e9c                daisy::System::GetBootloaderVersion()
 .text._ZN5daisy6System15ConfigureClocksEv
                0x08004ed0      0x194 ../../libDaisy/build\libdaisy.a(system.o)
                0x08004ed0                daisy::System::ConfigureClocks()
 .text._ZN5daisy6System12ConfigureMpuEv
                0x08005064       0x7c ../../libDaisy/build\libdaisy.a(system.o)
                0x08005064                daisy::System::ConfigureMpu()
 .text._ZN5daisy6System4InitERKNS0_6ConfigE
                0x080050e0       0xec ../../libDaisy/build\libdaisy.a(system.o)
                0x080050e0                daisy::System::Init(daisy::System::Config const&)
 .text._ZN5daisy6System12GetPClk1FreqEv
                0x080051cc        0x4 ../../libDaisy/build\libdaisy.a(system.o)
                0x080051cc                daisy::System::GetPClk1Freq()
 .text._ZN5daisy6System22GetProgramMemoryRegionEv
                0x080051d0       0x78 ../../libDaisy/build\libdaisy.a(system.o)
                0x080051d0                daisy::System::GetProgramMemoryRegion()
 .text.startup._GLOBAL__sub_I__ZN5daisy9boot_infoE
                0x08005248       0x1c ../../libDaisy/build\libdaisy.a(system.o)
 .text.SystemInit
                0x08005264       0x9c ../../libDaisy/build\libdaisy.a(system_stm32h7xx.o)
                0x08005264                SystemInit
 .text.HAL_PCD_SetupStageCallback
                0x08005300        0xc ../../libDaisy/build\libdaisy.a(usbd_conf.o)
                0x08005300                HAL_PCD_SetupStageCallback
 .text.HAL_PCD_DataOutStageCallback
                0x0800530c       0x14 ../../libDaisy/build\libdaisy.a(usbd_conf.o)
                0x0800530c                HAL_PCD_DataOutStageCallback
 .text.HAL_PCD_DataInStageCallback
                0x08005320       0x14 ../../libDaisy/build\libdaisy.a(usbd_conf.o)
                0x08005320                HAL_PCD_DataInStageCallback
 .text.HAL_PCD_SOFCallback
                0x08005334        0x8 ../../libDaisy/build\libdaisy.a(usbd_conf.o)
                0x08005334                HAL_PCD_SOFCallback
 .text.HAL_PCD_ResetCallback
                0x0800533c       0x24 ../../libDaisy/build\libdaisy.a(usbd_conf.o)
                0x0800533c                HAL_PCD_ResetCallback
 .text.HAL_PCD_SuspendCallback
                0x08005360       0x30 ../../libDaisy/build\libdaisy.a(usbd_conf.o)
                0x08005360                HAL_PCD_SuspendCallback
 .text.HAL_PCD_ResumeCallback
                0x08005390        0x8 ../../libDaisy/build\libdaisy.a(usbd_conf.o)
                0x08005390                HAL_PCD_ResumeCallback
 .text.HAL_PCD_ISOOUTIncompleteCallback
                0x08005398        0x8 ../../libDaisy/build\libdaisy.a(usbd_conf.o)
                0x08005398                HAL_PCD_ISOOUTIncompleteCallback
 .text.HAL_PCD_ISOINIncompleteCallback
                0x080053a0        0x8 ../../libDaisy/build\libdaisy.a(usbd_conf.o)
                0x080053a0                HAL_PCD_ISOINIncompleteCallback
 .text.HAL_PCD_ConnectCallback
                0x080053a8        0x8 ../../libDaisy/build\libdaisy.a(usbd_conf.o)
                0x080053a8                HAL_PCD_ConnectCallback
 .text.HAL_PCD_DisconnectCallback
                0x080053b0        0x8 ../../libDaisy/build\libdaisy.a(usbd_conf.o)
                0x080053b0                HAL_PCD_DisconnectCallback
 .text.USBD_LL_OpenEP
                0x080053b8       0x24 ../../libDaisy/build\libdaisy.a(usbd_conf.o)
                0x080053b8                USBD_LL_OpenEP
 .text.USBD_LL_StallEP
                0x080053dc       0x1c ../../libDaisy/build\libdaisy.a(usbd_conf.o)
                0x080053dc                USBD_LL_StallEP
 .text.USBD_LL_ClearStallEP
                0x080053f8       0x1c ../../libDaisy/build\libdaisy.a(usbd_conf.o)
                0x080053f8                USBD_LL_ClearStallEP
 .text.USBD_LL_IsStallEP
                0x08005414       0x28 ../../libDaisy/build\libdaisy.a(usbd_conf.o)
                0x08005414                USBD_LL_IsStallEP
 .text.USBD_LL_SetUSBAddress
                0x0800543c       0x1c ../../libDaisy/build\libdaisy.a(usbd_conf.o)
                0x0800543c                USBD_LL_SetUSBAddress
 .text.USBD_LL_Transmit
                0x08005458       0x1c ../../libDaisy/build\libdaisy.a(usbd_conf.o)
                0x08005458                USBD_LL_Transmit
 .text.USBD_LL_PrepareReceive
                0x08005474       0x1c ../../libDaisy/build\libdaisy.a(usbd_conf.o)
                0x08005474                USBD_LL_PrepareReceive
 .text.HAL_HCD_SOF_Callback
                0x08005490        0x8 ../../libDaisy/build\libdaisy.a(usbh_conf.o)
                0x08005490                HAL_HCD_SOF_Callback
 .text.HAL_HCD_Connect_Callback
                0x08005498        0x8 ../../libDaisy/build\libdaisy.a(usbh_conf.o)
                0x08005498                HAL_HCD_Connect_Callback
 .text.HAL_HCD_Disconnect_Callback
                0x080054a0        0x8 ../../libDaisy/build\libdaisy.a(usbh_conf.o)
                0x080054a0                HAL_HCD_Disconnect_Callback
 .text.HAL_HCD_HC_NotifyURBChange_Callback
                0x080054a8        0x4 ../../libDaisy/build\libdaisy.a(usbh_conf.o)
                0x080054a8                HAL_HCD_HC_NotifyURBChange_Callback
 .text.HAL_HCD_PortEnabled_Callback
                0x080054ac        0x8 ../../libDaisy/build\libdaisy.a(usbh_conf.o)
                0x080054ac                HAL_HCD_PortEnabled_Callback
 .text.HAL_HCD_PortDisabled_Callback
                0x080054b4        0x8 ../../libDaisy/build\libdaisy.a(usbh_conf.o)
                0x080054b4                HAL_HCD_PortDisabled_Callback
 .text.USBH_LL_Stop
                0x080054bc       0x1c ../../libDaisy/build\libdaisy.a(usbh_conf.o)
                0x080054bc                USBH_LL_Stop
 .text.dsy_hal_map_get_port
                0x080054d8       0x10 ../../libDaisy/build\libdaisy.a(hal_map.o)
                0x080054d8                dsy_hal_map_get_port
 .text.dsy_hal_map_get_pin
                0x080054e8       0x10 ../../libDaisy/build\libdaisy.a(hal_map.o)
                0x080054e8                dsy_hal_map_get_pin
 .text.dsy_hal_map_gpio_clk_enable
                0x080054f8      0x150 ../../libDaisy/build\libdaisy.a(hal_map.o)
                0x080054f8                dsy_hal_map_gpio_clk_enable
 .text.HAL_MspInit
                0x08005648        0x4 ../../libDaisy/build\libdaisy.a(stm32h7xx_hal.o)
                0x08005648                HAL_MspInit
 .text.HAL_InitTick
                0x0800564c       0x4c ../../libDaisy/build\libdaisy.a(stm32h7xx_hal.o)
                0x0800564c                HAL_InitTick
 .text.HAL_Init
                0x08005698       0x60 ../../libDaisy/build\libdaisy.a(stm32h7xx_hal.o)
                0x08005698                HAL_Init
 .text.HAL_IncTick
                0x080056f8       0x18 ../../libDaisy/build\libdaisy.a(stm32h7xx_hal.o)
                0x080056f8                HAL_IncTick
 .text.HAL_GetTick
                0x08005710        0xc ../../libDaisy/build\libdaisy.a(stm32h7xx_hal.o)
                0x08005710                HAL_GetTick
 .text.HAL_Delay
                0x0800571c       0x24 ../../libDaisy/build\libdaisy.a(stm32h7xx_hal.o)
                0x0800571c                HAL_Delay
 .text.HAL_GetREVID
                0x08005740        0xc ../../libDaisy/build\libdaisy.a(stm32h7xx_hal.o)
                0x08005740                HAL_GetREVID
 .text.HAL_ADC_ConvHalfCpltCallback
                0x0800574c        0x4 ../../libDaisy/build\libdaisy.a(stm32h7xx_hal_adc.o)
                0x0800574c                HAL_ADC_ConvHalfCpltCallback
 .text.ADC_DMAHalfConvCplt
                0x08005750        0xc ../../libDaisy/build\libdaisy.a(stm32h7xx_hal_adc.o)
                0x08005750                ADC_DMAHalfConvCplt
 .text.ADC_DMAConvCplt
                0x0800575c       0x6c ../../libDaisy/build\libdaisy.a(stm32h7xx_hal_adc.o)
                0x0800575c                ADC_DMAConvCplt
 .text.ADC_DMAError
                0x080057c8       0x1c ../../libDaisy/build\libdaisy.a(stm32h7xx_hal_adc.o)
                0x080057c8                ADC_DMAError
 .text.HAL_ADC_ConfigChannel
                0x080057e4      0x3fc ../../libDaisy/build\libdaisy.a(stm32h7xx_hal_adc.o)
                0x080057e4                HAL_ADC_ConfigChannel
 .text.ADC_Enable
                0x08005be0       0xac ../../libDaisy/build\libdaisy.a(stm32h7xx_hal_adc.o)
                0x08005be0                ADC_Enable
 .text.HAL_ADC_Start_DMA
                0x08005c8c      0x114 ../../libDaisy/build\libdaisy.a(stm32h7xx_hal_adc.o)
                0x08005c8c                HAL_ADC_Start_DMA
 .text.ADC_Disable
                0x08005da0       0x68 ../../libDaisy/build\libdaisy.a(stm32h7xx_hal_adc.o)
                0x08005da0                ADC_Disable
 .text.ADC_ConfigureBoostMode
                0x08005e08      0x184 ../../libDaisy/build\libdaisy.a(stm32h7xx_hal_adc.o)
                0x08005e08                ADC_ConfigureBoostMode
 .text.HAL_ADC_Init
                0x08005f8c      0x218 ../../libDaisy/build\libdaisy.a(stm32h7xx_hal_adc.o)
                0x08005f8c                HAL_ADC_Init
 .text.HAL_ADCEx_Calibration_Start
                0x080061a4       0xa4 ../../libDaisy/build\libdaisy.a(stm32h7xx_hal_adc_ex.o)
                0x080061a4                HAL_ADCEx_Calibration_Start
 .text.HAL_ADCEx_MultiModeConfigChannel
                0x08006248       0xc4 ../../libDaisy/build\libdaisy.a(stm32h7xx_hal_adc_ex.o)
                0x08006248                HAL_ADCEx_MultiModeConfigChannel
 .text.HAL_NVIC_SetPriorityGrouping
                0x0800630c       0x24 ../../libDaisy/build\libdaisy.a(stm32h7xx_hal_cortex.o)
                0x0800630c                HAL_NVIC_SetPriorityGrouping
 .text.HAL_NVIC_SetPriority
                0x08006330       0x7c ../../libDaisy/build\libdaisy.a(stm32h7xx_hal_cortex.o)
                0x08006330                HAL_NVIC_SetPriority
 .text.HAL_NVIC_EnableIRQ
                0x080063ac       0x1c ../../libDaisy/build\libdaisy.a(stm32h7xx_hal_cortex.o)
                0x080063ac                HAL_NVIC_EnableIRQ
 .text.HAL_NVIC_DisableIRQ
                0x080063c8       0x28 ../../libDaisy/build\libdaisy.a(stm32h7xx_hal_cortex.o)
                0x080063c8                HAL_NVIC_DisableIRQ
 .text.HAL_SYSTICK_Config
                0x080063f0       0x2c ../../libDaisy/build\libdaisy.a(stm32h7xx_hal_cortex.o)
                0x080063f0                HAL_SYSTICK_Config
 .text.HAL_MPU_Disable
                0x0800641c       0x1c ../../libDaisy/build\libdaisy.a(stm32h7xx_hal_cortex.o)
                0x0800641c                HAL_MPU_Disable
 .text.HAL_MPU_Enable
                0x08006438       0x20 ../../libDaisy/build\libdaisy.a(stm32h7xx_hal_cortex.o)
                0x08006438                HAL_MPU_Enable
 .text.HAL_MPU_ConfigRegion
                0x08006458       0x64 ../../libDaisy/build\libdaisy.a(stm32h7xx_hal_cortex.o)
                0x08006458                HAL_MPU_ConfigRegion
 .text.HAL_SYSTICK_Callback
                0x080064bc        0x4 ../../libDaisy/build\libdaisy.a(stm32h7xx_hal_cortex.o)
                0x080064bc                HAL_SYSTICK_Callback
 .text.HAL_SYSTICK_IRQHandler
                0x080064c0        0x8 ../../libDaisy/build\libdaisy.a(stm32h7xx_hal_cortex.o)
                0x080064c0                HAL_SYSTICK_IRQHandler
 .text.DMA_CalcBaseAndBitshift
                0x080064c8       0xf4 ../../libDaisy/build\libdaisy.a(stm32h7xx_hal_dma.o)
 .text.DMA_CalcDMAMUXChannelBaseAndMask
                0x080065bc       0xd8 ../../libDaisy/build\libdaisy.a(stm32h7xx_hal_dma.o)
 .text.HAL_DMA_Init
                0x08006694      0x37c ../../libDaisy/build\libdaisy.a(stm32h7xx_hal_dma.o)
                0x08006694                HAL_DMA_Init
 .text.HAL_DMA_Start_IT
                0x08006a10      0x240 ../../libDaisy/build\libdaisy.a(stm32h7xx_hal_dma.o)
                0x08006a10                HAL_DMA_Start_IT
 .text.HAL_DMA_Abort_IT
                0x08006c50      0x134 ../../libDaisy/build\libdaisy.a(stm32h7xx_hal_dma.o)
                0x08006c50                HAL_DMA_Abort_IT
 .text.HAL_DMA_IRQHandler
                0x08006d84      0x6a0 ../../libDaisy/build\libdaisy.a(stm32h7xx_hal_dma.o)
                0x08006d84                HAL_DMA_IRQHandler
 .text.HAL_DMA_GetError
                0x08007424        0x4 ../../libDaisy/build\libdaisy.a(stm32h7xx_hal_dma.o)
                0x08007424                HAL_DMA_GetError
 .text.HAL_GPIO_Init
                0x08007428      0x280 ../../libDaisy/build\libdaisy.a(stm32h7xx_hal_gpio.o)
                0x08007428                HAL_GPIO_Init
 .text.HAL_GPIO_DeInit
                0x080076a8      0x190 ../../libDaisy/build\libdaisy.a(stm32h7xx_hal_gpio.o)
                0x080076a8                HAL_GPIO_DeInit
 .text.HAL_GPIO_ReadPin
                0x08007838        0xc ../../libDaisy/build\libdaisy.a(stm32h7xx_hal_gpio.o)
                0x08007838                HAL_GPIO_ReadPin
 .text.HAL_GPIO_WritePin
                0x08007844        0x8 ../../libDaisy/build\libdaisy.a(stm32h7xx_hal_gpio.o)
                0x08007844                HAL_GPIO_WritePin
 .text.HAL_HCD_IRQHandler
                0x0800784c      0x780 ../../libDaisy/build\libdaisy.a(stm32h7xx_hal_hcd.o)
                0x0800784c                HAL_HCD_IRQHandler
 .text.HAL_HCD_Stop
                0x08007fcc       0x28 ../../libDaisy/build\libdaisy.a(stm32h7xx_hal_hcd.o)
                0x08007fcc                HAL_HCD_Stop
 .text.I2C_WaitOnTXISFlagUntilTimeout
                0x08007ff4       0xb8 ../../libDaisy/build\libdaisy.a(stm32h7xx_hal_i2c.o)
 .text.I2C_WaitOnSTOPFlagUntilTimeout
                0x080080ac       0xac ../../libDaisy/build\libdaisy.a(stm32h7xx_hal_i2c.o)
 .text.HAL_I2C_Init
                0x08008158       0xac ../../libDaisy/build\libdaisy.a(stm32h7xx_hal_i2c.o)
                0x08008158                HAL_I2C_Init
 .text.HAL_I2C_Master_Transmit
                0x08008204      0x1a8 ../../libDaisy/build\libdaisy.a(stm32h7xx_hal_i2c.o)
                0x08008204                HAL_I2C_Master_Transmit
 .text.HAL_I2C_Slave_Transmit
                0x080083ac      0x1c8 ../../libDaisy/build\libdaisy.a(stm32h7xx_hal_i2c.o)
                0x080083ac                HAL_I2C_Slave_Transmit
 .text.HAL_I2C_EV_IRQHandler
                0x08008574       0x10 ../../libDaisy/build\libdaisy.a(stm32h7xx_hal_i2c.o)
                0x08008574                HAL_I2C_EV_IRQHandler
 .text.HAL_I2C_GetState
                0x08008584        0x8 ../../libDaisy/build\libdaisy.a(stm32h7xx_hal_i2c.o)
                0x08008584                HAL_I2C_GetState
 .text.HAL_I2CEx_ConfigAnalogFilter
                0x0800858c       0x54 ../../libDaisy/build\libdaisy.a(stm32h7xx_hal_i2c_ex.o)
                0x0800858c                HAL_I2CEx_ConfigAnalogFilter
 .text.HAL_I2CEx_ConfigDigitalFilter
                0x080085e0       0x58 ../../libDaisy/build\libdaisy.a(stm32h7xx_hal_i2c_ex.o)
                0x080085e0                HAL_I2CEx_ConfigDigitalFilter
 .text.HAL_PCD_IRQHandler
                0x08008638      0x69c ../../libDaisy/build\libdaisy.a(stm32h7xx_hal_pcd.o)
                0x08008638                HAL_PCD_IRQHandler
 .text.HAL_PCD_SetAddress
                0x08008cd4       0x2c ../../libDaisy/build\libdaisy.a(stm32h7xx_hal_pcd.o)
                0x08008cd4                HAL_PCD_SetAddress
 .text.HAL_PCD_EP_Open
                0x08008d00       0x7c ../../libDaisy/build\libdaisy.a(stm32h7xx_hal_pcd.o)
                0x08008d00                HAL_PCD_EP_Open
 .text.HAL_PCD_EP_Receive
                0x08008d7c       0x50 ../../libDaisy/build\libdaisy.a(stm32h7xx_hal_pcd.o)
                0x08008d7c                HAL_PCD_EP_Receive
 .text.HAL_PCD_EP_Transmit
                0x08008dcc       0x50 ../../libDaisy/build\libdaisy.a(stm32h7xx_hal_pcd.o)
                0x08008dcc                HAL_PCD_EP_Transmit
 .text.HAL_PCD_EP_SetStall
                0x08008e1c       0x88 ../../libDaisy/build\libdaisy.a(stm32h7xx_hal_pcd.o)
                0x08008e1c                HAL_PCD_EP_SetStall
 .text.HAL_PCD_EP_ClrStall
                0x08008ea4       0x78 ../../libDaisy/build\libdaisy.a(stm32h7xx_hal_pcd.o)
                0x08008ea4                HAL_PCD_EP_ClrStall
 .text.HAL_PCDEx_LPM_Callback
                0x08008f1c        0x4 ../../libDaisy/build\libdaisy.a(stm32h7xx_hal_pcd_ex.o)
                0x08008f1c                HAL_PCDEx_LPM_Callback
 .text.HAL_PWREx_ConfigSupply
                0x08008f20       0x4c ../../libDaisy/build\libdaisy.a(stm32h7xx_hal_pwr_ex.o)
                0x08008f20                HAL_PWREx_ConfigSupply
 .text.HAL_PWREx_EnableUSBVoltageDetector
                0x08008f6c       0x10 ../../libDaisy/build\libdaisy.a(stm32h7xx_hal_pwr_ex.o)
                0x08008f6c                HAL_PWREx_EnableUSBVoltageDetector
 .text.QSPI_Config
                0x08008f7c      0x174 ../../libDaisy/build\libdaisy.a(stm32h7xx_hal_qspi.o)
 .text.HAL_QSPI_Init
                0x080090f0       0xd8 ../../libDaisy/build\libdaisy.a(stm32h7xx_hal_qspi.o)
                0x080090f0                HAL_QSPI_Init
 .text.HAL_QSPI_DeInit
                0x080091c8       0x3c ../../libDaisy/build\libdaisy.a(stm32h7xx_hal_qspi.o)
                0x080091c8                HAL_QSPI_DeInit
 .text.HAL_QSPI_Command
                0x08009204       0xd4 ../../libDaisy/build\libdaisy.a(stm32h7xx_hal_qspi.o)
                0x08009204                HAL_QSPI_Command
 .text.HAL_QSPI_Transmit
                0x080092d8       0xfc ../../libDaisy/build\libdaisy.a(stm32h7xx_hal_qspi.o)
                0x080092d8                HAL_QSPI_Transmit
 .text.HAL_QSPI_Receive
                0x080093d4      0x108 ../../libDaisy/build\libdaisy.a(stm32h7xx_hal_qspi.o)
                0x080093d4                HAL_QSPI_Receive
 .text.HAL_QSPI_AutoPolling
                0x080094dc       0xf0 ../../libDaisy/build\libdaisy.a(stm32h7xx_hal_qspi.o)
                0x080094dc                HAL_QSPI_AutoPolling
 .text.HAL_QSPI_MemoryMapped
                0x080095cc       0xc0 ../../libDaisy/build\libdaisy.a(stm32h7xx_hal_qspi.o)
                0x080095cc                HAL_QSPI_MemoryMapped
 .text.HAL_QSPI_ErrorCallback
                0x0800968c        0x4 ../../libDaisy/build\libdaisy.a(stm32h7xx_hal_qspi.o)
                0x0800968c                HAL_QSPI_ErrorCallback
 .text.QSPI_DMAAbortCplt
                0x08009690       0x38 ../../libDaisy/build\libdaisy.a(stm32h7xx_hal_qspi.o)
 .text.HAL_QSPI_AbortCpltCallback
                0x080096c8        0x4 ../../libDaisy/build\libdaisy.a(stm32h7xx_hal_qspi.o)
                0x080096c8                HAL_QSPI_AbortCpltCallback
 .text.HAL_QSPI_CmdCpltCallback
                0x080096cc        0x4 ../../libDaisy/build\libdaisy.a(stm32h7xx_hal_qspi.o)
                0x080096cc                HAL_QSPI_CmdCpltCallback
 .text.HAL_QSPI_RxCpltCallback
                0x080096d0        0x4 ../../libDaisy/build\libdaisy.a(stm32h7xx_hal_qspi.o)
                0x080096d0                HAL_QSPI_RxCpltCallback
 .text.HAL_QSPI_TxCpltCallback
                0x080096d4        0x4 ../../libDaisy/build\libdaisy.a(stm32h7xx_hal_qspi.o)
                0x080096d4                HAL_QSPI_TxCpltCallback
 .text.HAL_QSPI_FifoThresholdCallback
                0x080096d8        0x4 ../../libDaisy/build\libdaisy.a(stm32h7xx_hal_qspi.o)
                0x080096d8                HAL_QSPI_FifoThresholdCallback
 .text.HAL_QSPI_StatusMatchCallback
                0x080096dc        0x4 ../../libDaisy/build\libdaisy.a(stm32h7xx_hal_qspi.o)
                0x080096dc                HAL_QSPI_StatusMatchCallback
 .text.HAL_QSPI_TimeOutCallback
                0x080096e0        0x4 ../../libDaisy/build\libdaisy.a(stm32h7xx_hal_qspi.o)
                0x080096e0                HAL_QSPI_TimeOutCallback
 .text.HAL_QSPI_IRQHandler
                0x080096e4      0x210 ../../libDaisy/build\libdaisy.a(stm32h7xx_hal_qspi.o)
                0x080096e4                HAL_QSPI_IRQHandler
 .text.HAL_RCC_OscConfig
                0x080098f4      0x51c ../../libDaisy/build\libdaisy.a(stm32h7xx_hal_rcc.o)
                0x080098f4                HAL_RCC_OscConfig
 .text.HAL_RCC_GetSysClockFreq
                0x08009e10      0x140 ../../libDaisy/build\libdaisy.a(stm32h7xx_hal_rcc.o)
                0x08009e10                HAL_RCC_GetSysClockFreq
 .text.HAL_RCC_ClockConfig
                0x08009f50      0x234 ../../libDaisy/build\libdaisy.a(stm32h7xx_hal_rcc.o)
                0x08009f50                HAL_RCC_ClockConfig
 .text.HAL_RCC_GetHCLKFreq
                0x0800a184       0x2c ../../libDaisy/build\libdaisy.a(stm32h7xx_hal_rcc.o)
                0x0800a184                HAL_RCC_GetHCLKFreq
 .text.HAL_RCC_GetPCLK1Freq
                0x0800a1b0       0x38 ../../libDaisy/build\libdaisy.a(stm32h7xx_hal_rcc.o)
                0x0800a1b0                HAL_RCC_GetPCLK1Freq
 .text.HAL_RCC_GetPCLK2Freq
                0x0800a1e8       0x38 ../../libDaisy/build\libdaisy.a(stm32h7xx_hal_rcc.o)
                0x0800a1e8                HAL_RCC_GetPCLK2Freq
 .text.RCCEx_PLL2_Config
                0x0800a220       0xf4 ../../libDaisy/build\libdaisy.a(stm32h7xx_hal_rcc_ex.o)
 .text.RCCEx_PLL3_Config
                0x0800a314       0xf4 ../../libDaisy/build\libdaisy.a(stm32h7xx_hal_rcc_ex.o)
 .text.HAL_RCCEx_PeriphCLKConfig
                0x0800a408      0xa7c ../../libDaisy/build\libdaisy.a(stm32h7xx_hal_rcc_ex.o)
                0x0800a408                HAL_RCCEx_PeriphCLKConfig
 .text.HAL_RCCEx_GetD3PCLK1Freq
                0x0800ae84       0x24 ../../libDaisy/build\libdaisy.a(stm32h7xx_hal_rcc_ex.o)
                0x0800ae84                HAL_RCCEx_GetD3PCLK1Freq
 .text.HAL_RCCEx_GetPLL2ClockFreq
                0x0800aea8      0x17c ../../libDaisy/build\libdaisy.a(stm32h7xx_hal_rcc_ex.o)
                0x0800aea8                HAL_RCCEx_GetPLL2ClockFreq
 .text.HAL_RCCEx_GetPLL3ClockFreq
                0x0800b024      0x17c ../../libDaisy/build\libdaisy.a(stm32h7xx_hal_rcc_ex.o)
                0x0800b024                HAL_RCCEx_GetPLL3ClockFreq
 .text.HAL_RCCEx_GetPLL1ClockFreq
                0x0800b1a0      0x17c ../../libDaisy/build\libdaisy.a(stm32h7xx_hal_rcc_ex.o)
                0x0800b1a0                HAL_RCCEx_GetPLL1ClockFreq
 .text.HAL_RCCEx_GetPeriphCLKFreq
                0x0800b31c      0x198 ../../libDaisy/build\libdaisy.a(stm32h7xx_hal_rcc_ex.o)
                0x0800b31c                HAL_RCCEx_GetPeriphCLKFreq
 .text.HAL_RCCEx_GetD1SysClockFreq
                0x0800b4b4       0x2c ../../libDaisy/build\libdaisy.a(stm32h7xx_hal_rcc_ex.o)
                0x0800b4b4                HAL_RCCEx_GetD1SysClockFreq
 .text.HAL_SAI_Init.part.0
                0x0800b4e0      0x348 ../../libDaisy/build\libdaisy.a(stm32h7xx_hal_sai.o)
 .text.HAL_SAI_InitProtocol
                0x0800b828      0x178 ../../libDaisy/build\libdaisy.a(stm32h7xx_hal_sai.o)
                0x0800b828                HAL_SAI_InitProtocol
 .text.HAL_SAI_Transmit_DMA
                0x0800b9a0      0x124 ../../libDaisy/build\libdaisy.a(stm32h7xx_hal_sai.o)
                0x0800b9a0                HAL_SAI_Transmit_DMA
 .text.HAL_SAI_Receive_DMA
                0x0800bac4       0xd0 ../../libDaisy/build\libdaisy.a(stm32h7xx_hal_sai.o)
                0x0800bac4                HAL_SAI_Receive_DMA
 .text.HAL_SAI_TxCpltCallback
                0x0800bb94        0x4 ../../libDaisy/build\libdaisy.a(stm32h7xx_hal_sai.o)
                0x0800bb94                HAL_SAI_TxCpltCallback
 .text.SAI_DMATxCplt
                0x0800bb98       0x64 ../../libDaisy/build\libdaisy.a(stm32h7xx_hal_sai.o)
 .text.HAL_SAI_TxHalfCpltCallback
                0x0800bbfc        0x4 ../../libDaisy/build\libdaisy.a(stm32h7xx_hal_sai.o)
                0x0800bbfc                HAL_SAI_TxHalfCpltCallback
 .text.SAI_DMATxHalfCplt
                0x0800bc00        0xc ../../libDaisy/build\libdaisy.a(stm32h7xx_hal_sai.o)
 .text.SAI_DMARxCplt
                0x0800bc0c       0x64 ../../libDaisy/build\libdaisy.a(stm32h7xx_hal_sai.o)
 .text.SAI_DMARxHalfCplt
                0x0800bc70        0xc ../../libDaisy/build\libdaisy.a(stm32h7xx_hal_sai.o)
 .text.HAL_SAI_ErrorCallback
                0x0800bc7c        0x4 ../../libDaisy/build\libdaisy.a(stm32h7xx_hal_sai.o)
                0x0800bc7c                HAL_SAI_ErrorCallback
 .text.SAI_DMAError
                0x0800bc80       0x6c ../../libDaisy/build\libdaisy.a(stm32h7xx_hal_sai.o)
 .text.HAL_SDRAM_Init
                0x0800bcec       0x54 ../../libDaisy/build\libdaisy.a(stm32h7xx_hal_sdram.o)
                0x0800bcec                HAL_SDRAM_Init
 .text.HAL_SDRAM_SendCommand
                0x0800bd40       0x40 ../../libDaisy/build\libdaisy.a(stm32h7xx_hal_sdram.o)
                0x0800bd40                HAL_SDRAM_SendCommand
 .text.HAL_SDRAM_ProgramRefreshRate
                0x0800bd80       0x30 ../../libDaisy/build\libdaisy.a(stm32h7xx_hal_sdram.o)
                0x0800bd80                HAL_SDRAM_ProgramRefreshRate
 .text.FMC_SDRAM_Init
                0x0800bdb0       0x7c ../../libDaisy/build\libdaisy.a(stm32h7xx_ll_fmc.o)
                0x0800bdb0                FMC_SDRAM_Init
 .text.FMC_SDRAM_Timing_Init
                0x0800be2c       0x98 ../../libDaisy/build\libdaisy.a(stm32h7xx_ll_fmc.o)
                0x0800be2c                FMC_SDRAM_Timing_Init
 .text.FMC_SDRAM_SendCommand
                0x0800bec4       0x28 ../../libDaisy/build\libdaisy.a(stm32h7xx_ll_fmc.o)
                0x0800bec4                FMC_SDRAM_SendCommand
 .text.FMC_SDRAM_ProgramRefreshRate
                0x0800beec       0x1c ../../libDaisy/build\libdaisy.a(stm32h7xx_ll_fmc.o)
                0x0800beec                FMC_SDRAM_ProgramRefreshRate
 .text.USB_SetTurnaroundTime
                0x0800bf08      0x104 ../../libDaisy/build\libdaisy.a(stm32h7xx_ll_usb.o)
                0x0800bf08                USB_SetTurnaroundTime
 .text.USB_FlushTxFifo
                0x0800c00c       0x34 ../../libDaisy/build\libdaisy.a(stm32h7xx_ll_usb.o)
                0x0800c00c                USB_FlushTxFifo
 .text.USB_GetDevSpeed
                0x0800c040       0x24 ../../libDaisy/build\libdaisy.a(stm32h7xx_ll_usb.o)
                0x0800c040                USB_GetDevSpeed
 .text.USB_ActivateEndpoint
                0x0800c064       0x90 ../../libDaisy/build\libdaisy.a(stm32h7xx_ll_usb.o)
                0x0800c064                USB_ActivateEndpoint
 .text.USB_EPStartXfer
                0x0800c0f4      0x230 ../../libDaisy/build\libdaisy.a(stm32h7xx_ll_usb.o)
                0x0800c0f4                USB_EPStartXfer
 .text.USB_EP0StartXfer
                0x0800c324      0x174 ../../libDaisy/build\libdaisy.a(stm32h7xx_ll_usb.o)
                0x0800c324                USB_EP0StartXfer
 .text.USB_WritePacket
                0x0800c498       0x2c ../../libDaisy/build\libdaisy.a(stm32h7xx_ll_usb.o)
                0x0800c498                USB_WritePacket
 .text.USB_ReadPacket
                0x0800c4c4       0x20 ../../libDaisy/build\libdaisy.a(stm32h7xx_ll_usb.o)
                0x0800c4c4                USB_ReadPacket
 .text.USB_EPSetStall
                0x0800c4e4       0x68 ../../libDaisy/build\libdaisy.a(stm32h7xx_ll_usb.o)
                0x0800c4e4                USB_EPSetStall
 .text.USB_EPClearStall
                0x0800c54c       0x58 ../../libDaisy/build\libdaisy.a(stm32h7xx_ll_usb.o)
                0x0800c54c                USB_EPClearStall
 .text.USB_SetDevAddress
                0x0800c5a4       0x24 ../../libDaisy/build\libdaisy.a(stm32h7xx_ll_usb.o)
                0x0800c5a4                USB_SetDevAddress
 .text.USB_ReadInterrupts
                0x0800c5c8       0x14 ../../libDaisy/build\libdaisy.a(stm32h7xx_ll_usb.o)
                0x0800c5c8                USB_ReadInterrupts
 .text.USB_ReadDevAllOutEpInterrupt
                0x0800c5dc       0x1c ../../libDaisy/build\libdaisy.a(stm32h7xx_ll_usb.o)
                0x0800c5dc                USB_ReadDevAllOutEpInterrupt
 .text.USB_ReadDevAllInEpInterrupt
                0x0800c5f8       0x1c ../../libDaisy/build\libdaisy.a(stm32h7xx_ll_usb.o)
                0x0800c5f8                USB_ReadDevAllInEpInterrupt
 .text.USB_ReadDevOutEPInterrupt
                0x0800c614       0x1c ../../libDaisy/build\libdaisy.a(stm32h7xx_ll_usb.o)
                0x0800c614                USB_ReadDevOutEPInterrupt
 .text.USB_ReadDevInEPInterrupt
                0x0800c630       0x38 ../../libDaisy/build\libdaisy.a(stm32h7xx_ll_usb.o)
                0x0800c630                USB_ReadDevInEPInterrupt
 .text.USB_GetMode
                0x0800c668        0x8 ../../libDaisy/build\libdaisy.a(stm32h7xx_ll_usb.o)
                0x0800c668                USB_GetMode
 .text.USB_ActivateSetup
                0x0800c670       0x38 ../../libDaisy/build\libdaisy.a(stm32h7xx_ll_usb.o)
                0x0800c670                USB_ActivateSetup
 .text.USB_EP0_OutStart
                0x0800c6a8       0x58 ../../libDaisy/build\libdaisy.a(stm32h7xx_ll_usb.o)
                0x0800c6a8                USB_EP0_OutStart
 .text.USB_InitFSLSPClkSel
                0x0800c700       0x44 ../../libDaisy/build\libdaisy.a(stm32h7xx_ll_usb.o)
                0x0800c700                USB_InitFSLSPClkSel
 .text.USB_HC_ReadInterrupt
                0x0800c744        0x8 ../../libDaisy/build\libdaisy.a(stm32h7xx_ll_usb.o)
                0x0800c744                USB_HC_ReadInterrupt
 .text.USB_HC_Halt
                0x0800c74c       0xc0 ../../libDaisy/build\libdaisy.a(stm32h7xx_ll_usb.o)
                0x0800c74c                USB_HC_Halt
 .text.USB_StopHost
                0x0800c80c      0x2ec ../../libDaisy/build\libdaisy.a(stm32h7xx_ll_usb.o)
                0x0800c80c                USB_StopHost
 .text.USBD_SetClassConfig
                0x0800caf8       0x14 ../../libDaisy/build\libdaisy.a(usbd_core.o)
                0x0800caf8                USBD_SetClassConfig
 .text.USBD_ClrClassConfig
                0x0800cb0c       0x10 ../../libDaisy/build\libdaisy.a(usbd_core.o)
                0x0800cb0c                USBD_ClrClassConfig
 .text.USBD_LL_SetupStage
                0x0800cb1c       0x5c ../../libDaisy/build\libdaisy.a(usbd_core.o)
                0x0800cb1c                USBD_LL_SetupStage
 .text.USBD_LL_DataOutStage
                0x0800cb78       0x7c ../../libDaisy/build\libdaisy.a(usbd_core.o)
                0x0800cb78                USBD_LL_DataOutStage
 .text.USBD_LL_DataInStage
                0x0800cbf4       0xcc ../../libDaisy/build\libdaisy.a(usbd_core.o)
                0x0800cbf4                USBD_LL_DataInStage
 .text.USBD_LL_Reset
                0x0800ccc0       0x50 ../../libDaisy/build\libdaisy.a(usbd_core.o)
                0x0800ccc0                USBD_LL_Reset
 .text.USBD_LL_SetSpeed
                0x0800cd10        0x8 ../../libDaisy/build\libdaisy.a(usbd_core.o)
                0x0800cd10                USBD_LL_SetSpeed
 .text.USBD_LL_Suspend
                0x0800cd18       0x14 ../../libDaisy/build\libdaisy.a(usbd_core.o)
                0x0800cd18                USBD_LL_Suspend
 .text.USBD_LL_Resume
                0x0800cd2c       0x10 ../../libDaisy/build\libdaisy.a(usbd_core.o)
                0x0800cd2c                USBD_LL_Resume
 .text.USBD_LL_SOF
                0x0800cd3c       0x1c ../../libDaisy/build\libdaisy.a(usbd_core.o)
                0x0800cd3c                USBD_LL_SOF
 .text.USBD_LL_IsoINIncomplete
                0x0800cd58        0x4 ../../libDaisy/build\libdaisy.a(usbd_core.o)
                0x0800cd58                USBD_LL_IsoINIncomplete
 .text.USBD_LL_IsoOUTIncomplete
                0x0800cd5c        0x4 ../../libDaisy/build\libdaisy.a(usbd_core.o)
                0x0800cd5c                USBD_LL_IsoOUTIncomplete
 .text.USBD_LL_DevConnected
                0x0800cd60        0x4 ../../libDaisy/build\libdaisy.a(usbd_core.o)
                0x0800cd60                USBD_LL_DevConnected
 .text.USBD_LL_DevDisconnected
                0x0800cd64       0x18 ../../libDaisy/build\libdaisy.a(usbd_core.o)
                0x0800cd64                USBD_LL_DevDisconnected
 .text.USBD_StdDevReq
                0x0800cd7c      0x304 ../../libDaisy/build\libdaisy.a(usbd_ctlreq.o)
                0x0800cd7c                USBD_StdDevReq
 .text.USBD_StdItfReq
                0x0800d080       0x68 ../../libDaisy/build\libdaisy.a(usbd_ctlreq.o)
                0x0800d080                USBD_StdItfReq
 .text.USBD_StdEPReq
                0x0800d0e8      0x13c ../../libDaisy/build\libdaisy.a(usbd_ctlreq.o)
                0x0800d0e8                USBD_StdEPReq
 .text.USBD_ParseSetupRequest
                0x0800d224       0x28 ../../libDaisy/build\libdaisy.a(usbd_ctlreq.o)
                0x0800d224                USBD_ParseSetupRequest
 .text.USBD_CtlSendData
                0x0800d24c       0x1c ../../libDaisy/build\libdaisy.a(usbd_ioreq.o)
                0x0800d24c                USBD_CtlSendData
 .text.USBD_CtlContinueSendData
                0x0800d268       0x14 ../../libDaisy/build\libdaisy.a(usbd_ioreq.o)
                0x0800d268                USBD_CtlContinueSendData
 .text.USBD_CtlContinueRx
                0x0800d27c       0x14 ../../libDaisy/build\libdaisy.a(usbd_ioreq.o)
                0x0800d27c                USBD_CtlContinueRx
 .text.USBD_CtlSendStatus
                0x0800d290       0x18 ../../libDaisy/build\libdaisy.a(usbd_ioreq.o)
                0x0800d290                USBD_CtlSendStatus
 .text.USBD_CtlReceiveStatus
                0x0800d2a8       0x18 ../../libDaisy/build\libdaisy.a(usbd_ioreq.o)
                0x0800d2a8                USBD_CtlReceiveStatus
 .text.USBH_LL_IncTimer
                0x0800d2c0       0x20 ../../libDaisy/build\libdaisy.a(usbh_core.o)
                0x0800d2c0                USBH_LL_IncTimer
 .text.USBH_LL_PortEnabled
                0x0800d2e0        0x8 ../../libDaisy/build\libdaisy.a(usbh_core.o)
                0x0800d2e0                USBH_LL_PortEnabled
 .text.USBH_LL_PortDisabled
                0x0800d2e8        0x8 ../../libDaisy/build\libdaisy.a(usbh_core.o)
                0x0800d2e8                USBH_LL_PortDisabled
 .text.USBH_LL_Connect
                0x0800d2f0       0x18 ../../libDaisy/build\libdaisy.a(usbh_core.o)
                0x0800d2f0                USBH_LL_Connect
 .text.USBH_LL_Disconnect
                0x0800d308       0x2c ../../libDaisy/build\libdaisy.a(usbh_core.o)
                0x0800d308                USBH_LL_Disconnect
 .text.USBH_FreePipe
                0x0800d334       0x18 ../../libDaisy/build\libdaisy.a(usbh_pipes.o)
                0x0800d334                USBH_FreePipe
 .text._ZN5daisy6Random4InitEv
                0x0800d34c       0x3c ../../libDaisy/build\libdaisy.a(rng.o)
                0x0800d34c                daisy::Random::Init()
 .text._ZN5daisy9SpiHandle4Impl7InitDmaEv
                0x0800d388       0xec ../../libDaisy/build\libdaisy.a(spi.o)
                0x0800d388                daisy::SpiHandle::Impl::InitDma()
 .text._ZN5daisy9SpiHandle4Impl10StartDmaTxEPhjPFvPvEPFvS3_NS0_6ResultEES3_
                0x0800d474       0xc8 ../../libDaisy/build\libdaisy.a(spi.o)
                0x0800d474                daisy::SpiHandle::Impl::StartDmaTx(unsigned char*, unsigned int, void (*)(void*), void (*)(void*, daisy::SpiHandle::Result), void*)
 .text._ZN5daisy9SpiHandle4Impl10StartDmaRxEPhjPFvPvEPFvS3_NS0_6ResultEES3_
                0x0800d53c       0xc8 ../../libDaisy/build\libdaisy.a(spi.o)
                0x0800d53c                daisy::SpiHandle::Impl::StartDmaRx(unsigned char*, unsigned int, void (*)(void*), void (*)(void*, daisy::SpiHandle::Result), void*)
 .text._ZN5daisy9SpiHandle4Impl12StartDmaRxTxEPhS2_jPFvPvEPFvS3_NS0_6ResultEES3_
                0x0800d604       0xcc ../../libDaisy/build\libdaisy.a(spi.o)
                0x0800d604                daisy::SpiHandle::Impl::StartDmaRxTx(unsigned char*, unsigned char*, unsigned int, void (*)(void*), void (*)(void*, daisy::SpiHandle::Result), void*)
 .text._ZN5daisy9SpiHandle4Impl8InitPinsEv
                0x0800d6d0      0x274 ../../libDaisy/build\libdaisy.a(spi.o)
                0x0800d6d0                daisy::SpiHandle::Impl::InitPins()
 .text.HAL_SPI_MspInit
                0x0800d944      0x1a8 ../../libDaisy/build\libdaisy.a(spi.o)
                0x0800d944                HAL_SPI_MspInit
 .text.dsy_spi_global_init
                0x0800daec       0x80 ../../libDaisy/build\libdaisy.a(spi.o)
                0x0800daec                dsy_spi_global_init
 .text.SPI1_IRQHandler
                0x0800db6c        0xc ../../libDaisy/build\libdaisy.a(spi.o)
                0x0800db6c                SPI1_IRQHandler
 .text.SPI2_IRQHandler
                0x0800db78        0xc ../../libDaisy/build\libdaisy.a(spi.o)
                0x0800db78                SPI2_IRQHandler
 .text.SPI3_IRQHandler
                0x0800db84        0xc ../../libDaisy/build\libdaisy.a(spi.o)
                0x0800db84                SPI3_IRQHandler
 .text.SPI4_IRQHandler
                0x0800db90        0xc ../../libDaisy/build\libdaisy.a(spi.o)
                0x0800db90                SPI4_IRQHandler
 .text.SPI5_IRQHandler
                0x0800db9c        0xc ../../libDaisy/build\libdaisy.a(spi.o)
                0x0800db9c                SPI5_IRQHandler
 .text.DMA2_Stream2_IRQHandler
                0x0800dba8       0x34 ../../libDaisy/build\libdaisy.a(spi.o)
                0x0800dba8                DMA2_Stream2_IRQHandler
 .text.DMA2_Stream3_IRQHandler
                0x0800dbdc       0x38 ../../libDaisy/build\libdaisy.a(spi.o)
                0x0800dbdc                DMA2_Stream3_IRQHandler
 .text.HAL_SPI_TxCpltCallback
                0x0800dc14       0xc4 ../../libDaisy/build\libdaisy.a(spi.o)
                0x0800dc14                HAL_SPI_TxCpltCallback
 .text.HAL_SPI_RxCpltCallback
                0x0800dcd8       0xc4 ../../libDaisy/build\libdaisy.a(spi.o)
                0x0800dcd8                HAL_SPI_RxCpltCallback
 .text.HAL_SPI_TxRxCpltCallback
                0x0800dd9c       0xc4 ../../libDaisy/build\libdaisy.a(spi.o)
                0x0800dd9c                HAL_SPI_TxRxCpltCallback
 .text.HAL_SPI_ErrorCallback
                0x0800de60       0xc8 ../../libDaisy/build\libdaisy.a(spi.o)
                0x0800de60                HAL_SPI_ErrorCallback
 .text.startup._GLOBAL__sub_I__Z19MapInstanceToHandleP11SPI_TypeDef
                0x0800df28      0x1b0 ../../libDaisy/build\libdaisy.a(spi.o)
 .text.HAL_TIM_Base_MspInit
                0x0800e0d8      0x1e0 ../../libDaisy/build\libdaisy.a(tim.o)
                0x0800e0d8                HAL_TIM_Base_MspInit
 .text.HAL_TIM_PeriodElapsedCallback
                0x0800e2b8       0x44 ../../libDaisy/build\libdaisy.a(tim.o)
                0x0800e2b8                HAL_TIM_PeriodElapsedCallback
 .text.TIM2_IRQHandler
                0x0800e2fc        0xc ../../libDaisy/build\libdaisy.a(tim.o)
                0x0800e2fc                TIM2_IRQHandler
 .text.TIM3_IRQHandler
                0x0800e308        0xc ../../libDaisy/build\libdaisy.a(tim.o)
                0x0800e308                TIM3_IRQHandler
 .text.TIM4_IRQHandler
                0x0800e314        0xc ../../libDaisy/build\libdaisy.a(tim.o)
                0x0800e314                TIM4_IRQHandler
 .text.TIM5_IRQHandler
                0x0800e320        0xc ../../libDaisy/build\libdaisy.a(tim.o)
                0x0800e320                TIM5_IRQHandler
 .text._ZN5daisy11TimerHandle4InitERKNS0_6ConfigE
                0x0800e32c       0xd0 ../../libDaisy/build\libdaisy.a(tim.o)
                0x0800e32c                daisy::TimerHandle::Init(daisy::TimerHandle::Config const&)
 .text._ZN5daisy11TimerHandle5StartEv
                0x0800e3fc       0x24 ../../libDaisy/build\libdaisy.a(tim.o)
                0x0800e3fc                daisy::TimerHandle::Start()
 .text.startup._GLOBAL__sub_I__ZN5daisy11TimerHandle4Impl4InitERKNS0_6ConfigE
                0x0800e420       0x38 ../../libDaisy/build\libdaisy.a(tim.o)
 .text._ZL20UART_CheckRxListenerPN5daisy11UartHandler4ImplE
                0x0800e458       0x84 ../../libDaisy/build\libdaisy.a(uart.o)
 .text._ZN5daisy11UartHandler4Impl10StartDmaTxEPhjPFvPvEPFvS3_NS0_6ResultEES3_
                0x0800e4dc      0x184 ../../libDaisy/build\libdaisy.a(uart.o)
                0x0800e4dc                daisy::UartHandler::Impl::StartDmaTx(unsigned char*, unsigned int, void (*)(void*), void (*)(void*, daisy::UartHandler::Result), void*)
 .text._ZN5daisy11UartHandler4Impl10StartDmaRxEPhjPFvPvEPFvS3_NS0_6ResultEES3_
                0x0800e660      0x184 ../../libDaisy/build\libdaisy.a(uart.o)
                0x0800e660                daisy::UartHandler::Impl::StartDmaRx(unsigned char*, unsigned int, void (*)(void*), void (*)(void*, daisy::UartHandler::Result), void*)
 .text._ZN5daisy11UartHandler4Impl19DmaTransferFinishedEP20__UART_HandleTypeDefNS0_6ResultE
                0x0800e7e4       0xc0 ../../libDaisy/build\libdaisy.a(uart.o)
                0x0800e7e4                daisy::UartHandler::Impl::DmaTransferFinished(__UART_HandleTypeDef*, daisy::UartHandler::Result)
 .text._ZN5daisy11UartHandler4Impl8InitPinsEv
                0x0800e8a4      0x154 ../../libDaisy/build\libdaisy.a(uart.o)
                0x0800e8a4                daisy::UartHandler::Impl::InitPins()
 .text.HAL_UART_MspInit
                0x0800e9f8      0x210 ../../libDaisy/build\libdaisy.a(uart.o)
                0x0800e9f8                HAL_UART_MspInit
 .text.dsy_uart_global_init
                0x0800ec08      0x110 ../../libDaisy/build\libdaisy.a(uart.o)
                0x0800ec08                dsy_uart_global_init
 .text.USART1_IRQHandler
                0x0800ed18       0x2c ../../libDaisy/build\libdaisy.a(uart.o)
                0x0800ed18                USART1_IRQHandler
 .text.USART2_IRQHandler
                0x0800ed44       0x34 ../../libDaisy/build\libdaisy.a(uart.o)
                0x0800ed44                USART2_IRQHandler
 .text.USART3_IRQHandler
                0x0800ed78       0x34 ../../libDaisy/build\libdaisy.a(uart.o)
                0x0800ed78                USART3_IRQHandler
 .text.UART4_IRQHandler
                0x0800edac       0x34 ../../libDaisy/build\libdaisy.a(uart.o)
                0x0800edac                UART4_IRQHandler
 .text.UART5_IRQHandler
                0x0800ede0       0x34 ../../libDaisy/build\libdaisy.a(uart.o)
                0x0800ede0                UART5_IRQHandler
 .text.USART6_IRQHandler
                0x0800ee14       0x34 ../../libDaisy/build\libdaisy.a(uart.o)
                0x0800ee14                USART6_IRQHandler
 .text.UART7_IRQHandler
                0x0800ee48       0x34 ../../libDaisy/build\libdaisy.a(uart.o)
                0x0800ee48                UART7_IRQHandler
 .text.UART8_IRQHandler
                0x0800ee7c       0x34 ../../libDaisy/build\libdaisy.a(uart.o)
                0x0800ee7c                UART8_IRQHandler
 .text.LPUART1_IRQHandler
                0x0800eeb0       0x34 ../../libDaisy/build\libdaisy.a(uart.o)
                0x0800eeb0                LPUART1_IRQHandler
 .text.DMA1_Stream5_IRQHandler
                0x0800eee4       0x34 ../../libDaisy/build\libdaisy.a(uart.o)
                0x0800eee4                DMA1_Stream5_IRQHandler
 .text.DMA2_Stream4_IRQHandler
                0x0800ef18       0x38 ../../libDaisy/build\libdaisy.a(uart.o)
                0x0800ef18                DMA2_Stream4_IRQHandler
 .text.HAL_UART_TxCpltCallback
                0x0800ef50        0x8 ../../libDaisy/build\libdaisy.a(uart.o)
                0x0800ef50                HAL_UART_TxCpltCallback
 .text.HAL_UART_RxCpltCallback
                0x0800ef58       0x94 ../../libDaisy/build\libdaisy.a(uart.o)
                0x0800ef58                HAL_UART_RxCpltCallback
 .text.HAL_UART_RxHalfCpltCallback
                0x0800efec       0x90 ../../libDaisy/build\libdaisy.a(uart.o)
                0x0800efec                HAL_UART_RxHalfCpltCallback
 .text.HAL_UART_ErrorCallback
                0x0800f07c        0x8 ../../libDaisy/build\libdaisy.a(uart.o)
                0x0800f07c                HAL_UART_ErrorCallback
 .text.startup._GLOBAL__sub_I__Z19MapInstanceToHandleP13USART_TypeDef
                0x0800f084      0x194 ../../libDaisy/build\libdaisy.a(uart.o)
 .text.dsy_dma_init
                0x0800f218      0x100 ../../libDaisy/build\libdaisy.a(dma.o)
                0x0800f218                dsy_dma_init
 .text.dsy_dma_invalidate_cache_for_buffer
                0x0800f318       0x2c ../../libDaisy/build\libdaisy.a(dma.o)
                0x0800f318                dsy_dma_invalidate_cache_for_buffer
 .text.HAL_MDMA_Abort_IT
                0x0800f344       0x2c ../../libDaisy/build\libdaisy.a(stm32h7xx_hal_mdma.o)
                0x0800f344                HAL_MDMA_Abort_IT
 .text.SPI_CloseTransfer
                0x0800f370       0xb8 ../../libDaisy/build\libdaisy.a(stm32h7xx_hal_spi.o)
 .text.HAL_SPI_Init
                0x0800f428      0x15c ../../libDaisy/build\libdaisy.a(stm32h7xx_hal_spi.o)
                0x0800f428                HAL_SPI_Init
 .text.HAL_SPI_Transmit_DMA
                0x0800f584      0x170 ../../libDaisy/build\libdaisy.a(stm32h7xx_hal_spi.o)
                0x0800f584                HAL_SPI_Transmit_DMA
 .text.HAL_SPI_TransmitReceive_DMA
                0x0800f6f4      0x218 ../../libDaisy/build\libdaisy.a(stm32h7xx_hal_spi.o)
                0x0800f6f4                HAL_SPI_TransmitReceive_DMA
 .text.HAL_SPI_Receive_DMA
                0x0800f90c      0x1b4 ../../libDaisy/build\libdaisy.a(stm32h7xx_hal_spi.o)
                0x0800f90c                HAL_SPI_Receive_DMA
 .text.SPI_DMATransmitCplt
                0x0800fac0       0x28 ../../libDaisy/build\libdaisy.a(stm32h7xx_hal_spi.o)
 .text.SPI_DMAReceiveCplt
                0x0800fae8       0x28 ../../libDaisy/build\libdaisy.a(stm32h7xx_hal_spi.o)
 .text.SPI_DMATransmitReceiveCplt
                0x0800fb10       0x28 ../../libDaisy/build\libdaisy.a(stm32h7xx_hal_spi.o)
 .text.HAL_SPI_TxHalfCpltCallback
                0x0800fb38        0x4 ../../libDaisy/build\libdaisy.a(stm32h7xx_hal_spi.o)
                0x0800fb38                HAL_SPI_TxHalfCpltCallback
 .text.SPI_DMAHalfTransmitCplt
                0x0800fb3c        0xc ../../libDaisy/build\libdaisy.a(stm32h7xx_hal_spi.o)
 .text.HAL_SPI_RxHalfCpltCallback
                0x0800fb48        0x4 ../../libDaisy/build\libdaisy.a(stm32h7xx_hal_spi.o)
                0x0800fb48                HAL_SPI_RxHalfCpltCallback
 .text.SPI_DMAHalfReceiveCplt
                0x0800fb4c        0xc ../../libDaisy/build\libdaisy.a(stm32h7xx_hal_spi.o)
 .text.HAL_SPI_TxRxHalfCpltCallback
                0x0800fb58        0x4 ../../libDaisy/build\libdaisy.a(stm32h7xx_hal_spi.o)
                0x0800fb58                HAL_SPI_TxRxHalfCpltCallback
 .text.SPI_DMAHalfTransmitReceiveCplt
                0x0800fb5c        0xc ../../libDaisy/build\libdaisy.a(stm32h7xx_hal_spi.o)
 .text.SPI_DMAError
                0x0800fb68       0xd8 ../../libDaisy/build\libdaisy.a(stm32h7xx_hal_spi.o)
 .text.HAL_SPI_IRQHandler
                0x0800fc40      0x23c ../../libDaisy/build\libdaisy.a(stm32h7xx_hal_spi.o)
                0x0800fc40                HAL_SPI_IRQHandler
 .text.SPI_DMAAbortOnError
                0x0800fe7c       0x1c ../../libDaisy/build\libdaisy.a(stm32h7xx_hal_spi.o)
 .text.HAL_SPI_GetState
                0x0800fe98        0x8 ../../libDaisy/build\libdaisy.a(stm32h7xx_hal_spi.o)
                0x0800fe98                HAL_SPI_GetState
 .text.HAL_TIM_Base_Init
                0x0800fea0      0x140 ../../libDaisy/build\libdaisy.a(stm32h7xx_hal_tim.o)
                0x0800fea0                HAL_TIM_Base_Init
 .text.HAL_TIM_Base_Start
                0x0800ffe0       0x34 ../../libDaisy/build\libdaisy.a(stm32h7xx_hal_tim.o)
                0x0800ffe0                HAL_TIM_Base_Start
 .text.HAL_TIM_Base_Start_IT
                0x08010014       0x2c ../../libDaisy/build\libdaisy.a(stm32h7xx_hal_tim.o)
                0x08010014                HAL_TIM_Base_Start_IT
 .text.HAL_TIM_ConfigClockSource
                0x08010040      0x17c ../../libDaisy/build\libdaisy.a(stm32h7xx_hal_tim.o)
                0x08010040                HAL_TIM_ConfigClockSource
 .text.HAL_TIM_OC_DelayElapsedCallback
                0x080101bc        0x4 ../../libDaisy/build\libdaisy.a(stm32h7xx_hal_tim.o)
                0x080101bc                HAL_TIM_OC_DelayElapsedCallback
 .text.HAL_TIM_IC_CaptureCallback
                0x080101c0        0x4 ../../libDaisy/build\libdaisy.a(stm32h7xx_hal_tim.o)
                0x080101c0                HAL_TIM_IC_CaptureCallback
 .text.HAL_TIM_PWM_PulseFinishedCallback
                0x080101c4        0x4 ../../libDaisy/build\libdaisy.a(stm32h7xx_hal_tim.o)
                0x080101c4                HAL_TIM_PWM_PulseFinishedCallback
 .text.HAL_TIM_TriggerCallback
                0x080101c8        0x4 ../../libDaisy/build\libdaisy.a(stm32h7xx_hal_tim.o)
                0x080101c8                HAL_TIM_TriggerCallback
 .text.HAL_TIM_IRQHandler
                0x080101cc      0x170 ../../libDaisy/build\libdaisy.a(stm32h7xx_hal_tim.o)
                0x080101cc                HAL_TIM_IRQHandler
 .text.HAL_TIMEx_MasterConfigSynchronization
                0x0801033c       0x64 ../../libDaisy/build\libdaisy.a(stm32h7xx_hal_tim_ex.o)
                0x0801033c                HAL_TIMEx_MasterConfigSynchronization
 .text.HAL_TIMEx_CommutCallback
                0x080103a0        0x4 ../../libDaisy/build\libdaisy.a(stm32h7xx_hal_tim_ex.o)
                0x080103a0                HAL_TIMEx_CommutCallback
 .text.HAL_TIMEx_BreakCallback
                0x080103a4        0x4 ../../libDaisy/build\libdaisy.a(stm32h7xx_hal_tim_ex.o)
                0x080103a4                HAL_TIMEx_BreakCallback
 .text.HAL_TIMEx_Break2Callback
                0x080103a8        0x4 ../../libDaisy/build\libdaisy.a(stm32h7xx_hal_tim_ex.o)
                0x080103a8                HAL_TIMEx_Break2Callback
 .text.HAL_UART_Transmit_DMA
                0x080103ac       0xa4 ../../libDaisy/build\libdaisy.a(stm32h7xx_hal_uart.o)
                0x080103ac                HAL_UART_Transmit_DMA
 .text.HAL_UART_Receive_DMA
                0x08010450       0xac ../../libDaisy/build\libdaisy.a(stm32h7xx_hal_uart.o)
                0x08010450                HAL_UART_Receive_DMA
 .text.UART_DMATransmitCplt
                0x080104fc       0x2c ../../libDaisy/build\libdaisy.a(stm32h7xx_hal_uart.o)
 .text.HAL_UART_TxHalfCpltCallback
                0x08010528        0x4 ../../libDaisy/build\libdaisy.a(stm32h7xx_hal_uart.o)
                0x08010528                HAL_UART_TxHalfCpltCallback
 .text.UART_DMATxHalfCplt
                0x0801052c        0xc ../../libDaisy/build\libdaisy.a(stm32h7xx_hal_uart.o)
 .text.UART_DMAReceiveCplt
                0x08010538       0x38 ../../libDaisy/build\libdaisy.a(stm32h7xx_hal_uart.o)
 .text.UART_DMARxHalfCplt
                0x08010570        0xc ../../libDaisy/build\libdaisy.a(stm32h7xx_hal_uart.o)
 .text.UART_DMAError
                0x0801057c       0x78 ../../libDaisy/build\libdaisy.a(stm32h7xx_hal_uart.o)
 .text.HAL_UART_IRQHandler
                0x080105f4      0x1d0 ../../libDaisy/build\libdaisy.a(stm32h7xx_hal_uart.o)
                0x080105f4                HAL_UART_IRQHandler
 .text.UART_DMAAbortOnError
                0x080107c4       0x14 ../../libDaisy/build\libdaisy.a(stm32h7xx_hal_uart.o)
 .text.HAL_UART_GetState
                0x080107d8        0xc ../../libDaisy/build\libdaisy.a(stm32h7xx_hal_uart.o)
                0x080107d8                HAL_UART_GetState
 .text.UART_SetConfig
                0x080107e4     0x14b8 ../../libDaisy/build\libdaisy.a(stm32h7xx_hal_uart.o)
                0x080107e4                UART_SetConfig
 .text.UART_AdvFeatureConfig
                0x08011c9c       0xb0 ../../libDaisy/build\libdaisy.a(stm32h7xx_hal_uart.o)
                0x08011c9c                UART_AdvFeatureConfig
 .text.UART_CheckIdleState
                0x08011d4c       0x84 ../../libDaisy/build\libdaisy.a(stm32h7xx_hal_uart.o)
                0x08011d4c                UART_CheckIdleState
 .text.HAL_UART_Init
                0x08011dd0       0x68 ../../libDaisy/build\libdaisy.a(stm32h7xx_hal_uart.o)
                0x08011dd0                HAL_UART_Init
 .text.HAL_UARTEx_WakeupCallback
                0x08011e38        0x4 ../../libDaisy/build\libdaisy.a(stm32h7xx_hal_uart_ex.o)
                0x08011e38                HAL_UARTEx_WakeupCallback
 .text.HAL_UARTEx_RxFifoFullCallback
                0x08011e3c        0x4 ../../libDaisy/build\libdaisy.a(stm32h7xx_hal_uart_ex.o)
                0x08011e3c                HAL_UARTEx_RxFifoFullCallback
 .text.HAL_UARTEx_TxFifoEmptyCallback
                0x08011e40        0x4 ../../libDaisy/build\libdaisy.a(stm32h7xx_hal_uart_ex.o)
                0x08011e40                HAL_UARTEx_TxFifoEmptyCallback
 .text.__aeabi_atexit
                0x08011e44        0xa c:/program files/daisytoolchain/bin/../lib/gcc/arm-none-eabi/10.2.1/../../../../arm-none-eabi/lib/thumb/v7e-m+dp/hard\libstdc++_nano.a(atexit_arm.o)
                0x08011e44                __aeabi_atexit
 *fill*         0x08011e4e        0x2 
 .text.cosf     0x08011e50      0x1bc c:/program files/daisytoolchain/bin/../lib/gcc/arm-none-eabi/10.2.1/../../../../arm-none-eabi/lib/thumb/v7e-m+dp/hard\libm.a(lib_a-cosf.o)
                0x08011e50                cosf
 .text.with_errnof
                0x0801200c       0x18 c:/program files/daisytoolchain/bin/../lib/gcc/arm-none-eabi/10.2.1/../../../../arm-none-eabi/lib/thumb/v7e-m+dp/hard\libm.a(lib_a-math_errf.o)
 .text.__math_divzerof
                0x08012024       0x24 c:/program files/daisytoolchain/bin/../lib/gcc/arm-none-eabi/10.2.1/../../../../arm-none-eabi/lib/thumb/v7e-m+dp/hard\libm.a(lib_a-math_errf.o)
                0x08012024                __math_divzerof
 .text.__math_invalidf
                0x08012048       0x20 c:/program files/daisytoolchain/bin/../lib/gcc/arm-none-eabi/10.2.1/../../../../arm-none-eabi/lib/thumb/v7e-m+dp/hard\libm.a(lib_a-math_errf.o)
                0x08012048                __math_invalidf
 .text.pow      0x08012068      0x594 c:/program files/daisytoolchain/bin/../lib/gcc/arm-none-eabi/10.2.1/../../../../arm-none-eabi/lib/thumb/v7e-m+dp/hard\libm.a(lib_a-pow.o)
                0x08012068                pow
 .text.logf     0x080125fc       0xc8 c:/program files/daisytoolchain/bin/../lib/gcc/arm-none-eabi/10.2.1/../../../../arm-none-eabi/lib/thumb/v7e-m+dp/hard\libm.a(lib_a-sf_log.o)
                0x080125fc                logf
 .text.tanf     0x080126c4       0x54 c:/program files/daisytoolchain/bin/../lib/gcc/arm-none-eabi/10.2.1/../../../../arm-none-eabi/lib/thumb/v7e-m+dp/hard\libm.a(lib_a-sf_tan.o)
                0x080126c4                tanf
 .text.sinf     0x08012718      0x20c c:/program files/daisytoolchain/bin/../lib/gcc/arm-none-eabi/10.2.1/../../../../arm-none-eabi/lib/thumb/v7e-m+dp/hard\libm.a(lib_a-sinf.o)
                0x08012718                sinf
 .text.__ieee754_rem_pio2f
                0x08012924      0x264 c:/program files/daisytoolchain/bin/../lib/gcc/arm-none-eabi/10.2.1/../../../../arm-none-eabi/lib/thumb/v7e-m+dp/hard\libm.a(lib_a-ef_rem_pio2.o)
                0x08012924                __ieee754_rem_pio2f
 .text.__kernel_rem_pio2f
                0x08012b88      0x674 c:/program files/daisytoolchain/bin/../lib/gcc/arm-none-eabi/10.2.1/../../../../arm-none-eabi/lib/thumb/v7e-m+dp/hard\libm.a(lib_a-kf_rem_pio2.o)
                0x08012b88                __kernel_rem_pio2f
 .text.__kernel_tanf
                0x080131fc      0x1c0 c:/program files/daisytoolchain/bin/../lib/gcc/arm-none-eabi/10.2.1/../../../../arm-none-eabi/lib/thumb/v7e-m+dp/hard\libm.a(lib_a-kf_tan.o)
                0x080131fc                __kernel_tanf
 .text.with_errno
                0x080133bc       0x18 c:/program files/daisytoolchain/bin/../lib/gcc/arm-none-eabi/10.2.1/../../../../arm-none-eabi/lib/thumb/v7e-m+dp/hard\libm.a(lib_a-math_err.o)
 .text.xflow    0x080133d4       0x24 c:/program files/daisytoolchain/bin/../lib/gcc/arm-none-eabi/10.2.1/../../../../arm-none-eabi/lib/thumb/v7e-m+dp/hard\libm.a(lib_a-math_err.o)
 .text.__math_uflow
                0x080133f8       0x10 c:/program files/daisytoolchain/bin/../lib/gcc/arm-none-eabi/10.2.1/../../../../arm-none-eabi/lib/thumb/v7e-m+dp/hard\libm.a(lib_a-math_err.o)
                0x080133f8                __math_uflow
 .text.__math_oflow
                0x08013408       0x10 c:/program files/daisytoolchain/bin/../lib/gcc/arm-none-eabi/10.2.1/../../../../arm-none-eabi/lib/thumb/v7e-m+dp/hard\libm.a(lib_a-math_err.o)
                0x08013408                __math_oflow
 .text.__math_divzero
                0x08013418       0x30 c:/program files/daisytoolchain/bin/../lib/gcc/arm-none-eabi/10.2.1/../../../../arm-none-eabi/lib/thumb/v7e-m+dp/hard\libm.a(lib_a-math_err.o)
                0x08013418                __math_divzero
 .text.__math_invalid
                0x08013448       0x20 c:/program files/daisytoolchain/bin/../lib/gcc/arm-none-eabi/10.2.1/../../../../arm-none-eabi/lib/thumb/v7e-m+dp/hard\libm.a(lib_a-math_err.o)
                0x08013448                __math_invalid
 .text.__math_check_uflow
                0x08013468       0x14 c:/program files/daisytoolchain/bin/../lib/gcc/arm-none-eabi/10.2.1/../../../../arm-none-eabi/lib/thumb/v7e-m+dp/hard\libm.a(lib_a-math_err.o)
                0x08013468                __math_check_uflow
 *fill*         0x0801347c        0x4 
 .text.__math_check_oflow
                0x08013480       0x28 c:/program files/daisytoolchain/bin/../lib/gcc/arm-none-eabi/10.2.1/../../../../arm-none-eabi/lib/thumb/v7e-m+dp/hard\libm.a(lib_a-math_err.o)
                0x08013480                __math_check_oflow
 .text.fabsf    0x080134a8       0x10 c:/program files/daisytoolchain/bin/../lib/gcc/arm-none-eabi/10.2.1/../../../../arm-none-eabi/lib/thumb/v7e-m+dp/hard\libm.a(lib_a-sf_fabs.o)
                0x080134a8                fabsf
 .text.floorf   0x080134b8       0x88 c:/program files/daisytoolchain/bin/../lib/gcc/arm-none-eabi/10.2.1/../../../../arm-none-eabi/lib/thumb/v7e-m+dp/hard\libm.a(lib_a-sf_floor.o)
                0x080134b8                floorf
 .text.scalbnf  0x08013540       0xe0 c:/program files/daisytoolchain/bin/../lib/gcc/arm-none-eabi/10.2.1/../../../../arm-none-eabi/lib/thumb/v7e-m+dp/hard\libm.a(lib_a-sf_scalbn.o)
                0x08013540                scalbnf
 .text.__cxa_atexit
                0x08013620       0x1c c:/program files/daisytoolchain/bin/../lib/gcc/arm-none-eabi/10.2.1/../../../../arm-none-eabi/lib/thumb/v7e-m+dp/hard\libc_nano.a(lib_a-cxa_atexit.o)
                0x08013620                __cxa_atexit
 .text.__errno  0x0801363c        0xc c:/program files/daisytoolchain/bin/../lib/gcc/arm-none-eabi/10.2.1/../../../../arm-none-eabi/lib/thumb/v7e-m+dp/hard\libc_nano.a(lib_a-errno.o)
                0x0801363c                __errno
 .text.__libc_init_array
                0x08013648       0x48 c:/program files/daisytoolchain/bin/../lib/gcc/arm-none-eabi/10.2.1/../../../../arm-none-eabi/lib/thumb/v7e-m+dp/hard\libc_nano.a(lib_a-init.o)
                0x08013648                __libc_init_array
 .text.memcpy   0x08013690       0x1c c:/program files/daisytoolchain/bin/../lib/gcc/arm-none-eabi/10.2.1/../../../../arm-none-eabi/lib/thumb/v7e-m+dp/hard\libc_nano.a(lib_a-memcpy-stub.o)
                0x08013690                memcpy
 .text.memset   0x080136ac       0x10 c:/program files/daisytoolchain/bin/../lib/gcc/arm-none-eabi/10.2.1/../../../../arm-none-eabi/lib/thumb/v7e-m+dp/hard\libc_nano.a(lib_a-memset.o)
                0x080136ac                memset
 *(.rodata)
 .rodata        0x080136bc      0x128 build/main.o
 .rodata        0x080137e4       0x10 ../../libDaisy/build\libdaisy.a(i2c.o)
 .rodata        0x080137f4       0x10 ../../libDaisy/build\libdaisy.a(tim.o)
 .rodata        0x08013804       0x12 ../../libDaisy/build\libdaisy.a(uart.o)
 *(.rodata*)
 *fill*         0x08013816        0x2 
 .rodata._ZN5daisy4seedL2D2E
                0x08013818        0x2 build/main.o
 *fill*         0x0801381a        0x2 
 .rodata._ZN5daisy4seedL2D5E
                0x0801381c        0x2 build/main.o
 *fill*         0x0801381e        0x2 
 .rodata._ZL8seedgpio
                0x08013820       0x42 ../../libDaisy/build\libdaisy.a(daisy_seed.o)
 *fill*         0x08013862        0x2 
 .rodata._ZL16dsy_adc_rank_map
                0x08013864       0x40 ../../libDaisy/build\libdaisy.a(adc.o)
 .rodata.CSWTCH.35
                0x080138a4        0x3 ../../libDaisy/build\libdaisy.a(sai.o)
 *fill*         0x080138a7        0x1 
 .rodata.CSWTCH.36
                0x080138a8        0xc ../../libDaisy/build\libdaisy.a(sai.o)
 .rodata.CSWTCH.44
                0x080138b4       0x14 ../../libDaisy/build\libdaisy.a(sai.o)
 .rodata.D1CorePrescTable
                0x080138c8       0x10 ../../libDaisy/build\libdaisy.a(system_stm32h7xx.o)
                0x080138c8                D1CorePrescTable
 .rodata.CSWTCH.24
                0x080138d8        0x4 ../../libDaisy/build\libdaisy.a(usbd_conf.o)
 .rodata.CSWTCH.19
                0x080138dc        0x4 ../../libDaisy/build\libdaisy.a(usbh_conf.o)
 .rodata.gpio_hal_pin_map
                0x080138e0       0x20 ../../libDaisy/build\libdaisy.a(hal_map.o)
 .rodata.gpio_hal_port_map
                0x08013900       0x30 ../../libDaisy/build\libdaisy.a(hal_map.o)
 .rodata.flagBitshiftOffset.0
                0x08013930        0x8 ../../libDaisy/build\libdaisy.a(stm32h7xx_hal_dma.o)
 .rodata._ZL13pins_none_spi
                0x08013938        0x3 ../../libDaisy/build\libdaisy.a(spi.o)
 *fill*         0x0801393b        0x1 